Component: ARM Compiler 5.06 update 7 (build 960) Tool: armlink [4d3601]

==============================================================================

Section Cross References

    main.o(.text) refers to _printf_percent.o(.ARM.Collect$$_printf_percent$$00000000) for _printf_percent
    main.o(.text) refers to _printf_f.o(.ARM.Collect$$_printf_percent$$00000003) for _printf_f
    main.o(.text) refers to printf1.o(x$fpl$printf1) for _printf_fp_dec
    main.o(.text) refers to _printf_s.o(.ARM.Collect$$_printf_percent$$00000014) for _printf_s
    main.o(.text) refers to _printf_str.o(.text) for _printf_str
    main.o(.text) refers to stm32f10x_rcc.o(.text) for RCC_APB2PeriphClockCmd
    main.o(.text) refers to stm32f10x_gpio.o(.text) for GPIO_Init
    main.o(.text) refers to delay.o(.text) for delay_init
    main.o(.text) refers to sys.o(.text) for NVIC_Configuration
    main.o(.text) refers to usart.o(.text) for uart1_init
    main.o(.text) refers to oled.o(.text) for OLED_Init
    main.o(.text) refers to hsr04.o(.text) for Hcsr04Init
    main.o(.text) refers to faddsub_clz.o(x$fpl$fadd) for __aeabi_fadd
    main.o(.text) refers to f2d.o(x$fpl$f2d) for __aeabi_f2d
    main.o(.text) refers to ddiv.o(x$fpl$ddiv) for __aeabi_ddiv
    main.o(.text) refers to d2f.o(x$fpl$d2f) for __aeabi_d2f
    main.o(.text) refers to noretval__2sprintf.o(.text) for __2sprintf
    main.o(.text) refers to noretval__2printf.o(.text) for __2printf
    main.o(.text) refers to hsr04.o(.bss) for lengthTemp
    main.o(.text) refers to usart.o(.bss) for data_string
    system_stm32f10x.o(.text) refers to system_stm32f10x.o(.data) for SystemCoreClock
    oled.o(.text) refers to oled.o(.constdata) for F8X16
    oled.o(.text) refers to oled.o(.data) for Hzk
    oled.o(.text) refers to delay.o(.text) for delay_ms
    hsr04.o(.text) refers to misc.o(.text) for NVIC_PriorityGroupConfig
    hsr04.o(.text) refers to stm32f10x_rcc.o(.text) for RCC_APB2PeriphClockCmd
    hsr04.o(.text) refers to stm32f10x_gpio.o(.text) for GPIO_Init
    hsr04.o(.text) refers to stm32f10x_tim.o(.text) for TIM_DeInit
    hsr04.o(.text) refers to delay.o(.text) for delay_ms
    hsr04.o(.text) refers to dflt_clz.o(x$fpl$dfltu) for __aeabi_ui2d
    hsr04.o(.text) refers to ddiv.o(x$fpl$ddiv) for __aeabi_ddiv
    hsr04.o(.text) refers to d2f.o(x$fpl$d2f) for __aeabi_d2f
    hsr04.o(.text) refers to hsr04.o(.data) for msHcCount
    hsr04.o(.text) refers to hsr04.o(.bss) for lengthTemp
    delay.o(.text) refers to misc.o(.text) for SysTick_CLKSourceConfig
    delay.o(.text) refers to system_stm32f10x.o(.data) for SystemCoreClock
    delay.o(.text) refers to delay.o(.data) for fac_us
    sys.o(.text) refers to misc.o(.text) for NVIC_PriorityGroupConfig
    usart.o(.text) refers (Special) to use_no_semi_2.o(.text) for __use_no_semihosting
    usart.o(.text) refers to stm32f10x_rcc.o(.text) for RCC_APB2PeriphClockCmd
    usart.o(.text) refers to stm32f10x_gpio.o(.text) for GPIO_Init
    usart.o(.text) refers to misc.o(.text) for NVIC_Init
    usart.o(.text) refers to stm32f10x_usart.o(.text) for USART_Init
    usart.o(.text) refers to noretval__2printf.o(.text) for __2printf
    usart.o(.text) refers to usart.o(.data) for USART_RX_STA
    usart.o(.text) refers to usart.o(.bss) for USART_RX_BUF
    usart.o(.bss) refers (Special) to use_no_semi_2.o(.text) for __use_no_semihosting
    usart.o(.data) refers (Special) to use_no_semi_2.o(.text) for __use_no_semihosting
    startup_stm32f10x_md.o(STACK) refers (Special) to heapauxi.o(.text) for __use_two_region_memory
    startup_stm32f10x_md.o(HEAP) refers (Special) to heapauxi.o(.text) for __use_two_region_memory
    startup_stm32f10x_md.o(RESET) refers (Special) to heapauxi.o(.text) for __use_two_region_memory
    startup_stm32f10x_md.o(RESET) refers to startup_stm32f10x_md.o(STACK) for __initial_sp
    startup_stm32f10x_md.o(RESET) refers to startup_stm32f10x_md.o(.text) for Reset_Handler
    startup_stm32f10x_md.o(RESET) refers to stm32f10x_it.o(.text) for NMI_Handler
    startup_stm32f10x_md.o(RESET) refers to hsr04.o(.text) for TIM3_IRQHandler
    startup_stm32f10x_md.o(RESET) refers to usart.o(.text) for USART1_IRQHandler
    startup_stm32f10x_md.o(.text) refers (Special) to heapauxi.o(.text) for __use_two_region_memory
    startup_stm32f10x_md.o(.text) refers to system_stm32f10x.o(.text) for SystemInit
    startup_stm32f10x_md.o(.text) refers to __main.o(!!!main) for __main
    startup_stm32f10x_md.o(.text) refers to startup_stm32f10x_md.o(HEAP) for Heap_Mem
    startup_stm32f10x_md.o(.text) refers to startup_stm32f10x_md.o(STACK) for Stack_Mem
    stm32f10x_gpio.o(.text) refers to stm32f10x_rcc.o(.text) for RCC_APB2PeriphResetCmd
    stm32f10x_rcc.o(.text) refers to stm32f10x_rcc.o(.data) for APBAHBPrescTable
    stm32f10x_usart.o(.text) refers to stm32f10x_rcc.o(.text) for RCC_APB2PeriphResetCmd
    stm32f10x_tim.o(.text) refers to stm32f10x_rcc.o(.text) for RCC_APB2PeriphResetCmd
[...]
    Removing stm32f10x_exti.o(.text), (284 bytes).
    Removing stm32f10x_flash.o(.text), (1468 bytes).
    Removing stm32f10x_fsmc.o(.text), (1548 bytes).
    Removing stm32f10x_spi.o(.text), (780 bytes).
    Removing stm32f10x_wwdg.o(.text), (136 bytes).

20 unused section(s) (total 12606 bytes) removed from the image.

==============================================================================

Image Symbol Table

    Local Symbols

    Symbol Name                              Value     Ov Type        Size  Object(Section)

    ../clib/angel/boardlib.s                 0x00000000   Number         0  boardinit1.o ABSOLUTE
    ../clib/angel/boardlib.s                 0x00000000   Number         0  boardshut.o ABSOLUTE
    ../clib/angel/boardlib.s                 0x00000000   Number         0  boardinit3.o ABSOLUTE
    ../clib/angel/boardlib.s                 0x00000000   Number         0  boardinit2.o ABSOLUTE
    ../clib/angel/dczerorl2.s                0x00000000   Number         0  __dczerorl2.o ABSOLUTE
    ../clib/angel/handlers.s                 0x00000000   Number         0  __scatter_zi.o ABSOLUTE
    ../clib/angel/kernel.s                   0x00000000   Number         0  __rtentry2.o ABSOLUTE
    ../clib/angel/kernel.s                   0x00000000   Number         0  rtexit2.o ABSOLUTE
    ../clib/angel/kernel.s                   0x00000000   Number         0  __rtentry4.o ABSOLUTE
    ../clib/angel/kernel.s                   0x00000000   Number         0  __rtentry.o ABSOLUTE
    ../clib/angel/kernel.s                   0x00000000   Number         0  rtexit.o ABSOLUTE
    ../clib/angel/rt.s                       0x00000000   Number         0  rt_locale.o ABSOLUTE
    ../clib/angel/rt.s                       0x00000000   Number         0  rt_raise.o ABSOLUTE
    ../clib/angel/rt.s                       0x00000000   Number         0  rt_locale_intlibspace.o ABSOLUTE
    ../clib/angel/scatter.s                  0x00000000   Number         0  __scatter.o ABSOLUTE
    ../clib/angel/startup.s                  0x00000000   Number         0  __main.o ABSOLUTE
    ../clib/angel/sys.s                      0x00000000   Number         0  libspace.o ABSOLUTE
    ../clib/angel/sys.s                      0x00000000   Number         0  sys_stackheap_outer.o ABSOLUTE
    ../clib/angel/sys.s                      0x00000000   Number         0  use_no_semi_2.o ABSOLUTE
    ../clib/angel/sys.s                      0x00000000   Number         0  indicate_semi.o ABSOLUTE
    ../clib/angel/sys.s                      0x00000000   Number         0  use_no_semi.o ABSOLUTE
    ../clib/angel/sysapp.c                   0x00000000   Number         0  sys_command.o ABSOLUTE
    ../clib/angel/sysapp.c                   0x00000000   Number         0  sys_wrch.o ABSOLUTE
    ../clib/armsys.c                         0x00000000   Number         0  argv_veneer.o ABSOLUTE
    ../clib/armsys.c                         0x00000000   Number         0  no_argv.o ABSOLUTE
    ../clib/armsys.c                         0x00000000   Number         0  argv_veneer.o ABSOLUTE
    ../clib/armsys.c                         0x00000000   Number         0  _get_argv_nomalloc.o ABSOLUTE
    ../clib/bigflt.c                         0x00000000   Number         0  bigflt0.o ABSOLUTE
    ../clib/btod.s                           0x00000000   Number         0  btod.o ABSOLUTE
    ../clib/heapalloc.c                      0x00000000   Number         0  hrguard.o ABSOLUTE
    ../clib/heapaux.c                        0x00000000   Number         0  heapauxi.o ABSOLUTE
    ../clib/libinit.s                        0x00000000   Number         0  libshutdown2.o ABSOLUTE
    ../clib/libinit.s                        0x00000000   Number         0  libshutdown.o ABSOLUTE
    ../clib/libinit.s                        0x00000000   Number         0  libinit2.o ABSOLUTE
    ../clib/libinit.s                        0x00000000   Number         0  libinit.o ABSOLUTE
    ../clib/locale.s                         0x00000000   Number         0  lc_numeric_c.o ABSOLUTE
    ../clib/longlong.s                       0x00000000   Number         0  lludiv10.o ABSOLUTE
    ../clib/memcpset.s                       0x00000000   Number         0  strcmpv7m.o ABSOLUTE
    ../clib/printf.c                         0x00000000   Number         0  __printf_wp.o ABSOLUTE
    ../clib/printf.c                         0x00000000   Number         0  __printf_flags_ss.o ABSOLUTE
    ../clib/printf.c                         0x00000000   Number         0  __printf_ss.o ABSOLUTE
    ../clib/printf.c                         0x00000000   Number         0  __printf_flags.o ABSOLUTE
    ../clib/printf.c                         0x00000000   Number         0  _printf_str.o ABSOLUTE
    ../clib/printf.c                         0x00000000   Number         0  __printf.o ABSOLUTE
    ../clib/printf.c                         0x00000000   Number         0  noretval__2printf.o ABSOLUTE
    ../clib/printf.c                         0x00000000   Number         0  __2sprintf.o ABSOLUTE
    ../clib/printf.c                         0x00000000   Number         0  __2printf.o ABSOLUTE
    ../clib/printf.c                         0x00000000   Number         0  _printf_char.o ABSOLUTE
    ../clib/printf.c                         0x00000000   Number         0  _printf_fp_infnan.o ABSOLUTE
    ../clib/printf.c                         0x00000000   Number         0  __printf_nopercent.o ABSOLUTE
    ../clib/printf.c                         0x00000000   Number         0  _printf_char_file.o ABSOLUTE
    ../clib/printf.c                         0x00000000   Number         0  _printf_fp_dec.o ABSOLUTE
    ../clib/printf.c                         0x00000000   Number         0  noretval__2sprintf.o ABSOLUTE
    ../clib/printf.c                         0x00000000   Number         0  __printf_flags_ss_wp.o ABSOLUTE
    ../clib/printf.c                         0x00000000   Number         0  _printf_char_common.o ABSOLUTE
    ../clib/printf.c                         0x00000000   Number         0  __printf_ss_wp.o ABSOLUTE
    ../clib/printf.c                         0x00000000   Number         0  __printf_flags_wp.o ABSOLUTE
    ../clib/printf.c                         0x00000000   Number         0  _sputc.o ABSOLUTE
    ../clib/printf_percent.s                 0x00000000   Number         0  _printf_s.o ABSOLUTE
    ../clib/printf_percent.s                 0x00000000   Number         0  _printf_percent.o ABSOLUTE
    ../clib/printf_percent.s                 0x00000000   Number         0  _printf_percent_end.o ABSOLUTE
    ../clib/printf_percent.s                 0x00000000   Number         0  _printf_f.o ABSOLUTE
    ../clib/signal.c                         0x00000000   Number         0  defsig_segv_inner.o ABSOLUTE
    ../clib/signal.c                         0x00000000   Number         0  defsig_rtmem_outer.o ABSOLUTE
    ../clib/signal.c                         0x00000000   Number         0  defsig_rtmem_inner.o ABSOLUTE
    ../clib/signal.c                         0x00000000   Number         0  defsig_general.o ABSOLUTE
    ../clib/signal.c                         0x00000000   Number         0  defsig_other.o ABSOLUTE
    ../clib/signal.c                         0x00000000   Number         0  defsig_rtmem_formal.o ABSOLUTE
    ../clib/signal.c                         0x00000000   Number         0  defsig_abrt_inner.o ABSOLUTE
    ../clib/signal.c                         0x00000000   Number         0  defsig_fpe_inner.o ABSOLUTE
    ../clib/signal.c                         0x00000000   Number         0  defsig_exit.o ABSOLUTE
    ../clib/signal.c                         0x00000000   Number         0  defsig_rtred_inner.o ABSOLUTE
    ../clib/signal.c                         0x00000000   Number         0  defsig_stak_inner.o ABSOLUTE
    ../clib/signal.c                         0x00000000   Number         0  defsig_pvfn_inner.o ABSOLUTE
    ../clib/signal.c                         0x00000000   Number         0  defsig_cppl_inner.o ABSOLUTE
    ../clib/signal.c                         0x00000000   Number         0  __raise.o ABSOLUTE
    ../clib/signal.s                         0x00000000   Number         0  defsig.o ABSOLUTE
    ../clib/stdio.c                          0x00000000   Number         0  ferror_locked.o ABSOLUTE
    ../clib/stdio.c                          0x00000000   Number         0  ferror.o ABSOLUTE
    ../clib/stdlib.c                         0x00000000   Number         0  exit.o ABSOLUTE
    ../fplib/d2f.s                           0x00000000   Number         0  d2f.o ABSOLUTE
    ../fplib/ddiv.s                          0x00000000   Number         0  ddiv.o ABSOLUTE
    ../fplib/dflt.s                          0x00000000   Number         0  dflt_clz.o ABSOLUTE
    ../fplib/dnaninf.s                       0x00000000   Number         0  dnaninf.o ABSOLUTE
    ../fplib/dretinf.s                       0x00000000   Number         0  dretinf.o ABSOLUTE
    ../fplib/f2d.s                           0x00000000   Number         0  f2d.o ABSOLUTE
    ../fplib/faddsub.s                       0x00000000   Number         0  faddsub_clz.o ABSOLUTE
    ../fplib/fnaninf.s                       0x00000000   Number         0  fnaninf.o ABSOLUTE
    ../fplib/fpinit.s                        0x00000000   Number         0  fpinit.o ABSOLUTE
    ../fplib/fretinf.s                       0x00000000   Number         0  fretinf.o ABSOLUTE
    ../fplib/istatus.s                       0x00000000   Number         0  istatus.o ABSOLUTE
    ../fplib/printf1.s                       0x00000000   Number         0  printf1.o ABSOLUTE
    ../fplib/usenofp.s                       0x00000000   Number         0  usenofp.o ABSOLUTE
    ../mathlib/fpclassify.c                  0x00000000   Number         0  fpclassify.o ABSOLUTE
    ..\CORE\core_cm3.c                       0x00000000   Number         0  core_cm3.o ABSOLUTE
    ..\CORE\startup_stm32f10x_md.s           0x00000000   Number         0  startup_stm32f10x_md.o ABSOLUTE
    ..\HARDWARE\HSR04\hsr04.c                0x00000000   Number         0  hsr04.o ABSOLUTE
    ..\HARDWARE\OLED\oled.c                  0x00000000   Number         0  oled.o ABSOLUTE
    ..\STM32F10x_FWLib\src\misc.c            0x00000000   Number         0  misc.o ABSOLUTE
    ..\STM32F10x_FWLib\src\stm32f10x_adc.c   0x00000000   Number         0  stm32f10x_adc.o ABSOLUTE
    ..\STM32F10x_FWLib\src\stm32f10x_bkp.c   0x00000000   Number         0  stm32f10x_bkp.o ABSOLUTE
    ..\STM32F10x_FWLib\src\stm32f10x_can.c   0x00000000   Number         0  stm32f10x_can.o ABSOLUTE
    ..\STM32F10x_FWLib\src\stm32f10x_cec.c   0x00000000   Number         0  stm32f10x_cec.o ABSOLUTE
    ..\STM32F10x_FWLib\src\stm32f10x_crc.c   0x00000000   Number         0  stm32f10x_crc.o ABSOLUTE
    ..\STM32F10x_FWLib\src\stm32f10x_dac.c   0x00000000   Number         0  stm32f10x_dac.o ABSOLUTE
    ..\STM32F10x_FWLib\src\stm32f10x_dbgmcu.c 0x00000000   Number         0  stm32f10x_dbgmcu.o ABSOLUTE
    ..\STM32F10x_FWLib\src\stm32f10x_dma.c   0x00000000   Number         0  stm32f10x_dma.o ABSOLUTE
    ..\STM32F10x_FWLib\src\stm32f10x_exti.c  0x00000000   Number         0  stm32f10x_exti.o ABSOLUTE
    ..\STM32F10x_FWLib\src\stm32f10x_flash.c 0x00000000   Number         0  stm32f10x_flash.o ABSOLUTE
    ..\STM32F10x_FWLib\src\stm32f10x_fsmc.c  0x00000000   Number         0  stm32f10x_fsmc.o ABSOLUTE
    ..\STM32F10x_FWLib\src\stm32f10x_gpio.c  0x00000000   Number         0  stm32f10x_gpio.o ABSOLUTE
    ..\STM32F10x_FWLib\src\stm32f10x_i2c.c   0x00000000   Number         0  stm32f10x_i2c.o ABSOLUTE
    ..\STM32F10x_FWLib\src\stm32f10x_iwdg.c  0x00000000   Number         0  stm32f10x_iwdg.o ABSOLUTE
    ..\STM32F10x_FWLib\src\stm32f10x_pwr.c   0x00000000   Number         0  stm32f10x_pwr.o ABSOLUTE
    ..\STM32F10x_FWLib\src\stm32f10x_rcc.c   0x00000000   Number         0  stm32f10x_rcc.o ABSOLUTE
    ..\STM32F10x_FWLib\src\stm32f10x_rtc.c   0x00000000   Number         0  stm32f10x_rtc.o ABSOLUTE
    ..\STM32F10x_FWLib\src\stm32f10x_sdio.c  0x00000000   Number         0  stm32f10x_sdio.o ABSOLUTE
    ..\STM32F10x_FWLib\src\stm32f10x_spi.c   0x00000000   Number         0  stm32f10x_spi.o ABSOLUTE
    ..\STM32F10x_FWLib\src\stm32f10x_tim.c   0x00000000   Number         0  stm32f10x_tim.o ABSOLUTE
    ..\STM32F10x_FWLib\src\stm32f10x_usart.c 0x00000000   Number         0  stm32f10x_usart.o ABSOLUTE
    ..\STM32F10x_FWLib\src\stm32f10x_wwdg.c  0x00000000   Number         0  stm32f10x_wwdg.o ABSOLUTE
    ..\SYSTEM\delay\delay.c                  0x00000000   Number         0  delay.o ABSOLUTE
    ..\SYSTEM\sys\sys.c                      0x00000000   Number         0  sys.o ABSOLUTE
    ..\SYSTEM\usart\usart.c                  0x00000000   Number         0  usart.o ABSOLUTE
    ..\\CORE\\core_cm3.c                     0x00000000   Number         0  core_cm3.o ABSOLUTE
    dc.s                                     0x00000000   Number         0  dc.o ABSOLUTE
    main.c                                   0x00000000   Number         0  main.o ABSOLUTE
    stm32f10x_it.c                           0x00000000   Number         0  stm32f10x_it.o ABSOLUTE
    system_stm32f10x.c                       0x00000000   Number         0  system_stm32f10x.o ABSOLUTE
    RESET                                    0x08000000   Section      236  startup_stm32f10x_md.o(RESET)
    !!!main                                  0x080000ec   Section        8  __main.o(!!!main)
    !!!scatter                               0x080000f4   Section       52  __scatter.o(!!!scatter)
    !!dczerorl2                              0x08000128   Section       90  __dczerorl2.o(!!dczerorl2)
    !!handler_zi                             0x08000184   Section       28  __scatter_zi.o(!!handler_zi)
    .ARM.Collect$$_printf_percent$$00000000  0x080001a0   Section        0  _printf_percent.o(.ARM.Collect$$_printf_percent$$00000000)
    .ARM.Collect$$_printf_percent$$00000003  0x080001a0   Section        6  _printf_f.o(.ARM.Collect$$_printf_percent$$00000003)
    .ARM.Collect$$_printf_percent$$00000014  0x080001a6   Section        6  _printf_s.o(.ARM.Collect$$_printf_percent$$00000014)
    .ARM.Collect$$_printf_percent$$00000017  0x080001ac   Section        4  _printf_percent_end.o(.ARM.Collect$$_printf_percent$$00000017)
    .ARM.Collect$$libinit$$00000000          0x080001b0   Section        2  libinit.o(.ARM.Collect$$libinit$$00000000)
    .ARM.Collect$$libinit$$00000002          0x080001b2   Section        0  libinit2.o(.ARM.Collect$$libinit$$00000002)
    .ARM.Collect$$libinit$$00000004          0x080001b2   Section        0  libinit2.o(.ARM.Collect$$libinit$$00000004)
    .ARM.Collect$$libinit$$0000000A          0x080001b2   Section        0  libinit2.o(.ARM.Collect$$libinit$$0000000A)
    .ARM.Collect$$libinit$$0000000C          0x080001b2   Section        0  libinit2.o(.ARM.Collect$$libinit$$0000000C)
    .ARM.Collect$$libinit$$0000000E          0x080001b2   Section        0  libinit2.o(.ARM.Collect$$libinit$$0000000E)
    .ARM.Collect$$libinit$$0000000F          0x080001b2   Section        6  libinit2.o(.ARM.Collect$$libinit$$0000000F)
    .ARM.Collect$$libinit$$00000011          0x080001b8   Section        0  libinit2.o(.ARM.Collect$$libinit$$00000011)
    .ARM.Collect$$libinit$$00000013          0x080001b8   Section        0  libinit2.o(.ARM.Collect$$libinit$$00000013)
    .ARM.Collect$$libinit$$00000015          0x080001b8   Section        0  libinit2.o(.ARM.Collect$$libinit$$00000015)
    .ARM.Collect$$libinit$$00000016          0x080001b8   Section       10  libinit2.o(.ARM.Collect$$libinit$$00000016)
    .ARM.Collect$$libinit$$00000017          0x080001c2   Section        0  libinit2.o(.ARM.Collect$$libinit$$00000017)
    .ARM.Collect$$libinit$$00000019          0x080001c2   Section        0  libinit2.o(.ARM.Collect$$libinit$$00000019)
    .ARM.Collect$$libinit$$0000001B          0x080001c2   Section        0  libinit2.o(.ARM.Collect$$libinit$$0000001B)
    .ARM.Collect$$libinit$$0000001D          0x080001c2   Section        0  libinit2.o(.ARM.Collect$$libinit$$0000001D)
    .ARM.Collect$$libinit$$0000001F          0x080001c2   Section        0  libinit2.o(.ARM.Collect$$libinit$$0000001F)
    .ARM.Collect$$libinit$$00000021          0x080001c2   Section        0  libinit2.o(.ARM.Collect$$libinit$$00000021)
    .ARM.Collect$$libinit$$00000023          0x080001c2   Section        0  libinit2.o(.ARM.Collect$$libinit$$00000023)
    .ARM.Collect$$libinit$$00000025          0x080001c2   Section        0  libinit2.o(.ARM.Collect$$libinit$$00000025)
    .ARM.Collect$$libinit$$0000002C          0x080001c2   Section        0  libinit2.o(.ARM.Collect$$libinit$$0000002C)
    .ARM.Collect$$libinit$$0000002E          0x080001c2   Section        0  libinit2.o(.ARM.Collect$$libinit$$0000002E)
    .ARM.Collect$$libinit$$00000030          0x080001c2   Section        0  libinit2.o(.ARM.Collect$$libinit$$00000030)
    .ARM.Collect$$libinit$$00000032          0x080001c2   Section        0  libinit2.o(.ARM.Collect$$libinit$$00000032)
    .ARM.Collect$$libinit$$00000033          0x080001c2   Section        2  libinit2.o(.ARM.Collect$$libinit$$00000033)
    .ARM.Collect$$libshutdown$$00000000      0x080001c4   Section        2  libshutdown.o(.ARM.Collect$$libshutdown$$00000000)
    .ARM.Collect$$libshutdown$$00000002      0x080001c6   Section        0  libshutdown2.o(.ARM.Collect$$libshutdown$$00000002)
    .ARM.Collect$$libshutdown$$00000004      0x080001c6   Section        0  libshutdown2.o(.ARM.Collect$$libshutdown$$00000004)
    .ARM.Collect$$libshutdown$$00000006      0x080001c6   Section        0  libshutdown2.o(.ARM.Collect$$libshutdown$$00000006)
    .ARM.Collect$$libshutdown$$00000009      0x080001c6   Section        0  libshutdown2.o(.ARM.Collect$$libshutdown$$00000009)
    .ARM.Collect$$libshutdown$$0000000C      0x080001c6   Section        0  libshutdown2.o(.ARM.Collect$$libshutdown$$0000000C)
    .ARM.Collect$$libshutdown$$0000000E      0x080001c6   Section        0  libshutdown2.o(.ARM.Collect$$libshutdown$$0000000E)
    .ARM.Collect$$libshutdown$$00000011      0x080001c6   Section        0  libshutdown2.o(.ARM.Collect$$libshutdown$$00000011)
    .ARM.Collect$$libshutdown$$00000012      0x080001c6   Section        2  libshutdown2.o(.ARM.Collect$$libshutdown$$00000012)
    .ARM.Collect$$rtentry$$00000000          0x080001c8   Section        0  __rtentry.o(.ARM.Collect$$rtentry$$00000000)
    .ARM.Collect$$rtentry$$00000002          0x080001c8   Section        0  __rtentry2.o(.ARM.Collect$$rtentry$$00000002)
    .ARM.Collect$$rtentry$$00000004          0x080001c8   Section        6  __rtentry4.o(.ARM.Collect$$rtentry$$00000004)
    .ARM.Collect$$rtentry$$00000009          0x080001ce   Section        0  __rtentry2.o(.ARM.Collect$$rtentry$$00000009)
    .ARM.Collect$$rtentry$$0000000A          0x080001ce   Section        4  __rtentry2.o(.ARM.Collect$$rtentry$$0000000A)
    .ARM.Collect$$rtentry$$0000000C          0x080001d2   Section        0  __rtentry2.o(.ARM.Collect$$rtentry$$0000000C)
    .ARM.Collect$$rtentry$$0000000D          0x080001d2   Section        8  __rtentry2.o(.ARM.Collect$$rtentry$$0000000D)
    .ARM.Collect$$rtexit$$00000000           0x080001da   Section        2  rtexit.o(.ARM.Collect$$rtexit$$00000000)
    .ARM.Collect$$rtexit$$00000002           0x080001dc   Section        0  rtexit2.o(.ARM.Collect$$rtexit$$00000002)
    .ARM.Collect$$rtexit$$00000003           0x080001dc   Section        4  rtexit2.o(.ARM.Collect$$rtexit$$00000003)
    .ARM.Collect$$rtexit$$00000004           0x080001e0   Section        6  rtexit2.o(.ARM.Collect$$rtexit$$00000004)
    .text                                    0x080001e8   Section        0  main.o(.text)
    .text                                    0x08000410   Section        0  stm32f10x_it.o(.text)
    .text                                    0x0800042c   Section        0  system_stm32f10x.o(.text)
    SetSysClockTo72                          0x0800042d   Thumb Code   214  system_stm32f10x.o(.text)
    SetSysClock                              0x08000503   Thumb Code     8  system_stm32f10x.o(.text)
    .text                                    0x0800060c   Section        0  oled.o(.text)
    .text                                    0x08000b50   Section        0  hsr04.o(.text)
    OpenTimerForHc                           0x08000c11   Thumb Code    26  hsr04.o(.text)
    CloseTimerForHc                          0x08000c2b   Thumb Code    12  hsr04.o(.text)
    .text                                    0x08000d0c   Section        0  delay.o(.text)
    .text                                    0x08000de0   Section        0  sys.o(.text)
    .text                                    0x08000dec   Section        0  usart.o(.text)
    .text                                    0x08001198   Section       64  startup_stm32f10x_md.o(.text)
    .text                                    0x080011d8   Section        0  misc.o(.text)
    .text                                    0x080012b4   Section        0  stm32f10x_gpio.o(.text)
    .text                                    0x08001610   Section        0  stm32f10x_rcc.o(.text)
    .text                                    0x080019b4   Section        0  stm32f10x_usart.o(.text)
    .text                                    0x08001dbc   Section        0  stm32f10x_tim.o(.text)
    TI4_Config                               0x08002263   Thumb Code   130  stm32f10x_tim.o(.text)
    TI3_Config                               0x080022f7   Thumb Code   122  stm32f10x_tim.o(.text)
    TI2_Config                               0x0800238b   Thumb Code   130  stm32f10x_tim.o(.text)
    TI1_Config                               0x0800241f   Thumb Code   108  stm32f10x_tim.o(.text)
    .text                                    0x08002bd6   Section        2  use_no_semi_2.o(.text)
    .text                                    0x08002bd8   Section        0  noretval__2printf.o(.text)
    .text                                    0x08002bf0   Section        0  noretval__2sprintf.o(.text)
    .text                                    0x08002c18   Section        0  __printf.o(.text)
    .text                                    0x08002c80   Section        0  _printf_str.o(.text)
    .text                                    0x08002cd2   Section        0  heapauxi.o(.text)
    .text                                    0x08002cd8   Section        2  use_no_semi.o(.text)
    .text                                    0x08002cda   Section        0  _printf_fp_dec.o(.text)
    _fp_digits                               0x08002cdd   Thumb Code   432  _printf_fp_dec.o(.text)
    .text                                    0x080030f8   Section        0  _printf_char_common.o(.text)
    _printf_input_char                       0x080030f9   Thumb Code    10  _printf_char_common.o(.text)
    .text                                    0x08003128   Section        0  _sputc.o(.text)
    .text                                    0x08003132   Section        0  _printf_char.o(.text)
    .text                                    0x08003160   Section        0  _printf_char_file.o(.text)
    .text                                    0x08003184   Section        8  rt_locale_intlibspace.o(.text)
    .text                                    0x0800318c   Section      138  lludiv10.o(.text)
    .text                                    0x08003218   Section        0  _printf_fp_infnan.o(.text)
    .text                                    0x08003298   Section        0  bigflt0.o(.text)
    .text                                    0x0800337c   Section        0  ferror.o(.text)
    .text                                    0x08003384   Section        8  libspace.o(.text)
    .text                                    0x0800338c   Section       74  sys_stackheap_outer.o(.text)
    .text                                    0x080033d6   Section        0  exit.o(.text)
    .text                                    0x080033e8   Section      128  strcmpv7m.o(.text)
    CL$$btod_d2e                             0x08003468   Section       62  btod.o(CL$$btod_d2e)
    CL$$btod_d2e_denorm_low                  0x080034a6   Section       70  btod.o(CL$$btod_d2e_denorm_low)
    CL$$btod_d2e_norm_op1                    0x080034ec   Section       96  btod.o(CL$$btod_d2e_norm_op1)
    CL$$btod_div_common                      0x0800354c   Section      824  btod.o(CL$$btod_div_common)
    CL$$btod_e2e                             0x08003884   Section      220  btod.o(CL$$btod_e2e)
    CL$$btod_ediv                            0x08003960   Section       42  btod.o(CL$$btod_ediv)
    CL$$btod_emul                            0x0800398a   Section       42  btod.o(CL$$btod_emul)
    CL$$btod_mult_common                     0x080039b4   Section      580  btod.o(CL$$btod_mult_common)
    i.__ARM_fpclassify                       0x08003bf8   Section        0  fpclassify.o(i.__ARM_fpclassify)
    locale$$code                             0x08003c20   Section       44  lc_numeric_c.o(locale$$code)
    x$fpl$d2f                                0x08003c4c   Section       98  d2f.o(x$fpl$d2f)
    x$fpl$ddiv                               0x08003cb0   Section      688  ddiv.o(x$fpl$ddiv)
    ddiv_entry                               0x08003cb7   Thumb Code     0  ddiv.o(x$fpl$ddiv)
    x$fpl$dfltu                              0x08003f60   Section       38  dflt_clz.o(x$fpl$dfltu)
    x$fpl$dnaninf                            0x08003f86   Section      156  dnaninf.o(x$fpl$dnaninf)
    x$fpl$dretinf                            0x08004022   Section       12  dretinf.o(x$fpl$dretinf)
    x$fpl$f2d                                0x08004030   Section       86  f2d.o(x$fpl$f2d)
    x$fpl$fadd                               0x08004088   Section      196  faddsub_clz.o(x$fpl$fadd)
    _fadd1                                   0x08004097   Thumb Code     0  faddsub_clz.o(x$fpl$fadd)
    x$fpl$fnaninf                            0x0800414c   Section      140  fnaninf.o(x$fpl$fnaninf)
    x$fpl$fretinf                            0x080041d8   Section       10  fretinf.o(x$fpl$fretinf)
    x$fpl$fsub                               0x080041e4   Section      234  faddsub_clz.o(x$fpl$fsub)
    _fsub1                                   0x080041f3   Thumb Code     0  faddsub_clz.o(x$fpl$fsub)
    x$fpl$printf1                            0x080042ce   Section        4  printf1.o(x$fpl$printf1)
    .constdata                               0x080042d2   Section     2072  oled.o(.constdata)
    x$fpl$usenofp                            0x080042d2   Section        0  usenofp.o(x$fpl$usenofp)
    .constdata                               0x08004aec   Section      148  bigflt0.o(.constdata)
    tenpwrs_x                                0x08004aec   Data          60  bigflt0.o(.constdata)
    tenpwrs_i                                0x08004b28   Data          64  bigflt0.o(.constdata)
    locale$$data                             0x08004ba0   Section       28  lc_numeric_c.o(locale$$data)
    __lcnum_c_name                           0x08004ba4   Data           2  lc_numeric_c.o(locale$$data)
    __lcnum_c_start                          0x08004bac   Data           0  lc_numeric_c.o(locale$$data)
    __lcnum_c_point                          0x08004bb8   Data           0  lc_numeric_c.o(locale$$data)
    __lcnum_c_thousands                      0x08004bba   Data           0  lc_numeric_c.o(locale$$data)
    __lcnum_c_grouping                       0x08004bbb   Data           0  lc_numeric_c.o(locale$$data)
    __lcnum_c_end                            0x08004bbc   Data           0  lc_numeric_c.o(locale$$data)
    .data                                    0x20000000   Section       20  system_stm32f10x.o(.data)
    .data                                    0x20000014   Section      256  oled.o(.data)
    .data                                    0x20000114   Section        2  hsr04.o(.data)
    .data                                    0x20000116   Section        4  delay.o(.data)
    fac_us                                   0x20000116   Data           1  delay.o(.data)
    fac_ms                                   0x20000118   Data           2  delay.o(.data)
    .data                                    0x2000011c   Section        6  usart.o(.data)
    .data                                    0x20000122   Section       20  stm32f10x_rcc.o(.data)
    APBAHBPrescTable                         0x20000122   Data          16  stm32f10x_rcc.o(.data)
    ADCPrescTable                            0x20000132   Data           4  stm32f10x_rcc.o(.data)
    .bss                                     0x20000138   Section       20  hsr04.o(.bss)
    .bss                                     0x2000014c   Section      268  usart.o(.bss)
    .bss                                     0x20000258   Section       96  libspace.o(.bss)
    HEAP                                     0x200002b8   Section      512  startup_stm32f10x_md.o(HEAP)
    Heap_Mem                                 0x200002b8   Data         512  startup_stm32f10x_md.o(HEAP)
    STACK                                    0x200004b8   Section     1024  startup_stm32f10x_md.o(STACK)
    Stack_Mem                                0x200004b8   Data        1024  startup_stm32f10x_md.o(STACK)
    __initial_sp                             0x200008b8   Data           0  startup_stm32f10x_md.o(STACK)

    Global Symbols

    Symbol Name                              Value     Ov Type        Size  Object(Section)

    BuildAttributes$$THM_ISAv4$P$D$K$B$S$PE$A:L22UL41UL21$X:L11$S22US41US21$IEEE1$IW$USESV6$~STKCKD$USESV7$~SHL$OTIME$ROPI$IEEEJ$EBA8$UX$STANDARDLIB$REQ8$PRES8$EABIv2 0x00000000   Number         0  anon$$obj.o ABSOLUTE
    __ARM_use_no_argv                        0x00000000   Number         0  main.o ABSOLUTE
    __ARM_exceptions_init                     - Undefined Weak Reference
    __alloca_initialize                       - Undefined Weak Reference
    __arm_fini_                               - Undefined Weak Reference
    __arm_preinit_                            - Undefined Weak Reference
    __cpp_initialize__aeabi_                  - Undefined Weak Reference
    __cxa_finalize                            - Undefined Weak Reference
    __sigvec_lookup                           - Undefined Weak Reference
    _atexit_init                              - Undefined Weak Reference
    _call_atexit_fns                          - Undefined Weak Reference
    _clock_init                               - Undefined Weak Reference
    _fp_trap_init                             - Undefined Weak Reference
    _fp_trap_shutdown                         - Undefined Weak Reference
    _get_lc_collate                           - Undefined Weak Reference
    _get_lc_ctype                             - Undefined Weak Reference
    _get_lc_monetary                          - Undefined Weak Reference
    _get_lc_time                              - Undefined Weak Reference
    _getenv_init                              - Undefined Weak Reference
    _handle_redirection                       - Undefined Weak Reference
    _init_alloc                               - Undefined Weak Reference
    _init_user_alloc                          - Undefined Weak Reference
    _initio                                   - Undefined Weak Reference
    _mutex_acquire                            - Undefined Weak Reference
    _mutex_release                            - Undefined Weak Reference
    _printf_mbtowc                            - Undefined Weak Reference
    _printf_post_padding                      - Undefined Weak Reference
    _printf_pre_padding                       - Undefined Weak Reference
    _rand_init                                - Undefined Weak Reference
    _signal_finish                            - Undefined Weak Reference
    _signal_init                              - Undefined Weak Reference
    _terminate_alloc                          - Undefined Weak Reference
    _terminate_user_alloc                     - Undefined Weak Reference
    _terminateio                              - Undefined Weak Reference
    __Vectors_Size                           0x000000ec   Number         0  startup_stm32f10x_md.o ABSOLUTE
    __Vectors                                0x08000000   Data           4  startup_stm32f10x_md.o(RESET)
    __Vectors_End                            0x080000ec   Data           0  startup_stm32f10x_md.o(RESET)
    __main                                   0x080000ed   Thumb Code     8  __main.o(!!!main)
    __scatterload                            0x080000f5   Thumb Code     0  __scatter.o(!!!scatter)
    __scatterload_rt2                        0x080000f5   Thumb Code    44  __scatter.o(!!!scatter)
    __scatterload_rt2_thumb_only             0x080000f5   Thumb Code     0  __scatter.o(!!!scatter)
    __scatterload_null                       0x08000103   Thumb Code     0  __scatter.o(!!!scatter)
    __decompress                             0x08000129   Thumb Code    90  __dczerorl2.o(!!dczerorl2)
    __decompress1                            0x08000129   Thumb Code     0  __dczerorl2.o(!!dczerorl2)
    __scatterload_zeroinit                   0x08000185   Thumb Code    28  __scatter_zi.o(!!handler_zi)
    _printf_f                                0x080001a1   Thumb Code     0  _printf_f.o(.ARM.Collect$$_printf_percent$$00000003)
    _printf_percent                          0x080001a1   Thumb Code     0  _printf_percent.o(.ARM.Collect$$_printf_percent$$00000000)
    _printf_s                                0x080001a7   Thumb Code     0  _printf_s.o(.ARM.Collect$$_printf_percent$$00000014)
    _printf_percent_end                      0x080001ad   Thumb Code     0  _printf_percent_end.o(.ARM.Collect$$_printf_percent$$00000017)
    __rt_lib_init                            0x080001b1   Thumb Code     0  libinit.o(.ARM.Collect$$libinit$$00000000)
    __rt_lib_init_fp_1                       0x080001b3   Thumb Code     0  libinit2.o(.ARM.Collect$$libinit$$00000002)
    __rt_lib_init_heap_1                     0x080001b3   Thumb Code     0  libinit2.o(.ARM.Collect$$libinit$$0000000A)
    __rt_lib_init_lc_common                  0x080001b3   Thumb Code     0  libinit2.o(.ARM.Collect$$libinit$$0000000F)
    __rt_lib_init_preinit_1                  0x080001b3   Thumb Code     0  libinit2.o(.ARM.Collect$$libinit$$00000004)
    __rt_lib_init_rand_1                     0x080001b3   Thumb Code     0  libinit2.o(.ARM.Collect$$libinit$$0000000E)
    __rt_lib_init_user_alloc_1               0x080001b3   Thumb Code     0  libinit2.o(.ARM.Collect$$libinit$$0000000C)
    __rt_lib_init_lc_collate_1               0x080001b9   Thumb Code     0  libinit2.o(.ARM.Collect$$libinit$$00000011)
    __rt_lib_init_lc_ctype_1                 0x080001b9   Thumb Code     0  libinit2.o(.ARM.Collect$$libinit$$00000013)
    __rt_lib_init_lc_monetary_1              0x080001b9   Thumb Code     0  libinit2.o(.ARM.Collect$$libinit$$00000015)
    __rt_lib_init_lc_numeric_2               0x080001b9   Thumb Code     0  libinit2.o(.ARM.Collect$$libinit$$00000016)
    __rt_lib_init_alloca_1                   0x080001c3   Thumb Code     0  libinit2.o(.ARM.Collect$$libinit$$0000002E)
    __rt_lib_init_argv_1                     0x080001c3   Thumb Code     0  libinit2.o(.ARM.Collect$$libinit$$0000002C)
    __rt_lib_init_atexit_1                   0x080001c3   Thumb Code     0  libinit2.o(.ARM.Collect$$libinit$$0000001B)
    __rt_lib_init_clock_1                    0x080001c3   Thumb Code     0  libinit2.o(.ARM.Collect$$libinit$$00000021)
    __rt_lib_init_cpp_1                      0x080001c3   Thumb Code     0  libinit2.o(.ARM.Collect$$libinit$$00000032)
    __rt_lib_init_exceptions_1               0x080001c3   Thumb Code     0  libinit2.o(.ARM.Collect$$libinit$$00000030)
    __rt_lib_init_fp_trap_1                  0x080001c3   Thumb Code     0  libinit2.o(.ARM.Collect$$libinit$$0000001F)
    __rt_lib_init_getenv_1                   0x080001c3   Thumb Code     0  libinit2.o(.ARM.Collect$$libinit$$00000023)
    __rt_lib_init_lc_numeric_1               0x080001c3   Thumb Code     0  libinit2.o(.ARM.Collect$$libinit$$00000017)
    __rt_lib_init_lc_time_1                  0x080001c3   Thumb Code     0  libinit2.o(.ARM.Collect$$libinit$$00000019)
    __rt_lib_init_return                     0x080001c3   Thumb Code     0  libinit2.o(.ARM.Collect$$libinit$$00000033)
    __rt_lib_init_signal_1                   0x080001c3   Thumb Code     0  libinit2.o(.ARM.Collect$$libinit$$0000001D)
    __rt_lib_init_stdio_1                    0x080001c3   Thumb Code     0  libinit2.o(.ARM.Collect$$libinit$$00000025)
    __rt_lib_shutdown                        0x080001c5   Thumb Code     0  libshutdown.o(.ARM.Collect$$libshutdown$$00000000)
    __rt_lib_shutdown_cpp_1                  0x080001c7   Thumb Code     0  libshutdown2.o(.ARM.Collect$$libshutdown$$00000004)
    __rt_lib_shutdown_fini_1                 0x080001c7   Thumb Code     0  libshutdown2.o(.ARM.Collect$$libshutdown$$00000002)
    __rt_lib_shutdown_fp_trap_1              0x080001c7   Thumb Code     0  libshutdown2.o(.ARM.Collect$$libshutdown$$00000009)
    __rt_lib_shutdown_heap_1                 0x080001c7   Thumb Code     0  libshutdown2.o(.ARM.Collect$$libshutdown$$00000011)
    __rt_lib_shutdown_return                 0x080001c7   Thumb Code     0  libshutdown2.o(.ARM.Collect$$libshutdown$$00000012)
    __rt_lib_shutdown_signal_1               0x080001c7   Thumb Code     0  libshutdown2.o(.ARM.Collect$$libshutdown$$0000000C)
    __rt_lib_shutdown_stdio_1                0x080001c7   Thumb Code     0  libshutdown2.o(.ARM.Collect$$libshutdown$$00000006)
    __rt_lib_shutdown_user_alloc_1           0x080001c7   Thumb Code     0  libshutdown2.o(.ARM.Collect$$libshutdown$$0000000E)
    __rt_entry                               0x080001c9   Thumb Code     0  __rtentry.o(.ARM.Collect$$rtentry$$00000000)
    __rt_entry_presh_1                       0x080001c9   Thumb Code     0  __rtentry2.o(.ARM.Collect$$rtentry$$00000002)
    __rt_entry_sh                            0x080001c9   Thumb Code     0  __rtentry4.o(.ARM.Collect$$rtentry$$00000004)
    __rt_entry_li                            0x080001cf   Thumb Code     0  __rtentry2.o(.ARM.Collect$$rtentry$$0000000A)
    __rt_entry_postsh_1                      0x080001cf   Thumb Code     0  __rtentry2.o(.ARM.Collect$$rtentry$$00000009)
    __rt_entry_main                          0x080001d3   Thumb Code     0  __rtentry2.o(.ARM.Collect$$rtentry$$0000000D)
    __rt_entry_postli_1                      0x080001d3   Thumb Code     0  __rtentry2.o(.ARM.Collect$$rtentry$$0000000C)
    __rt_exit                                0x080001db   Thumb Code     0  rtexit.o(.ARM.Collect$$rtexit$$00000000)
    __rt_exit_ls                             0x080001dd   Thumb Code     0  rtexit2.o(.ARM.Collect$$rtexit$$00000003)
    __rt_exit_prels_1                        0x080001dd   Thumb Code     0  rtexit2.o(.ARM.Collect$$rtexit$$00000002)
    __rt_exit_exit                           0x080001e1   Thumb Code     0  rtexit2.o(.ARM.Collect$$rtexit$$00000004)
    LD_init                                  0x080001e9   Thumb Code    40  main.o(.text)
    LD_on                                    0x08000211   Thumb Code    14  main.o(.text)
    LD_off                                   0x0800021f   Thumb Code    14  main.o(.text)
    main                                     0x0800022d   Thumb Code   404  main.o(.text)
    NMI_Handler                              0x08000411   Thumb Code     2  stm32f10x_it.o(.text)
    HardFault_Handler                        0x08000413   Thumb Code     4  stm32f10x_it.o(.text)
    MemManage_Handler                        0x08000417   Thumb Code     4  stm32f10x_it.o(.text)
    BusFault_Handler                         0x0800041b   Thumb Code     4  stm32f10x_it.o(.text)
    UsageFault_Handler                       0x0800041f   Thumb Code     4  stm32f10x_it.o(.text)
    SVC_Handler                              0x08000423   Thumb Code     2  stm32f10x_it.o(.text)
    DebugMon_Handler                         0x08000425   Thumb Code     2  stm32f10x_it.o(.text)
    PendSV_Handler                           0x08000427   Thumb Code     2  stm32f10x_it.o(.text)
    SysTick_Handler                          0x08000429   Thumb Code     2  stm32f10x_it.o(.text)
    SystemInit                               0x0800050b   Thumb Code    78  system_stm32f10x.o(.text)
    SystemCoreClockUpdate                    0x08000559   Thumb Code   142  system_stm32f10x.o(.text)
    OLED_WR_Byte                             0x0800060d   Thumb Code   140  oled.o(.text)
    OLED_Set_Pos                             0x08000699   Thumb Code    46  oled.o(.text)
    OLED_Display_On                          0x080006c7   Thumb Code    28  oled.o(.text)
    OLED_Display_Off                         0x080006e3   Thumb Code    28  oled.o(.text)
    OLED_Clear                               0x080006ff   Thumb Code    64  oled.o(.text)
    OLED_ShowChar                            0x0800073f   Thumb Code   154  oled.o(.text)
    oled_pow                                 0x080007d9   Thumb Code    22  oled.o(.text)
    OLED_ShowNum                             0x080007ef   Thumb Code   136  oled.o(.text)
    OLED_ShowString                          0x08000877   Thumb Code    58  oled.o(.text)
    OLED_ShowCHinese                         0x080008b1   Thumb Code    98  oled.o(.text)
    OLED_DrawBMP                             0x08000913   Thumb Code   118  oled.o(.text)
    OLED_Init                                0x08000989   Thumb Code   450  oled.o(.text)
    hcsr04_NVIC                              0x08000b51   Thumb Code    42  hsr04.o(.text)
    Hcsr04Init                               0x08000b7b   Thumb Code   150  hsr04.o(.text)
    TIM3_IRQHandler                          0x08000c37   Thumb Code    32  hsr04.o(.text)
    GetEchoTimer                             0x08000c57   Thumb Code    42  hsr04.o(.text)
    Hcsr04GetLength                          0x08000c81   Thumb Code   110  hsr04.o(.text)
    delay_init                               0x08000d0d   Thumb Code    50  delay.o(.text)
    delay_us                                 0x08000d3f   Thumb Code    72  delay.o(.text)
    delay_ms                                 0x08000d87   Thumb Code    72  delay.o(.text)
    NVIC_Configuration                       0x08000de1   Thumb Code    12  sys.o(.text)
    _sys_exit                                0x08000ded   Thumb Code     6  usart.o(.text)
    fputc                                    0x08000df3   Thumb Code    24  usart.o(.text)
    uart1_init                               0x08000e0b   Thumb Code   152  usart.o(.text)
    uart3_init                               0x08000ea3   Thumb Code   160  usart.o(.text)
    USART1_IRQHandler                        0x08000f43   Thumb Code   122  usart.o(.text)
    USART3_IRQHandler                        0x08000fbd   Thumb Code   122  usart.o(.text)
    get_message_from_openmv_and_send         0x08001037   Thumb Code    80  usart.o(.text)
    get_message_from_openmv                  0x08001087   Thumb Code   236  usart.o(.text)
    Reset_Handler                            0x08001199   Thumb Code     8  startup_stm32f10x_md.o(.text)
    ADC1_2_IRQHandler                        0x080011b3   Thumb Code     0  startup_stm32f10x_md.o(.text)
    CAN1_RX1_IRQHandler                      0x080011b3   Thumb Code     0  startup_stm32f10x_md.o(.text)
    CAN1_SCE_IRQHandler                      0x080011b3   Thumb Code     0  startup_stm32f10x_md.o(.text)
    DMA1_Channel1_IRQHandler                 0x080011b3   Thumb Code     0  startup_stm32f10x_md.o(.text)
    DMA1_Channel2_IRQHandler                 0x080011b3   Thumb Code     0  startup_stm32f10x_md.o(.text)
    DMA1_Channel3_IRQHandler                 0x080011b3   Thumb Code     0  startup_stm32f10x_md.o(.text)
    DMA1_Channel4_IRQHandler                 0x080011b3   Thumb Code     0  startup_stm32f10x_md.o(.text)
    DMA1_Channel5_IRQHandler                 0x080011b3   Thumb Code     0  startup_stm32f10x_md.o(.text)
    DMA1_Channel6_IRQHandler                 0x080011b3   Thumb Code     0  startup_stm32f10x_md.o(.text)
    DMA1_Channel7_IRQHandler                 0x080011b3   Thumb Code     0  startup_stm32f10x_md.o(.text)
    EXTI0_IRQHandler                         0x080011b3   Thumb Code     0  startup_stm32f10x_md.o(.text)
    EXTI15_10_IRQHandler                     0x080011b3   Thumb Code     0  startup_stm32f10x_md.o(.text)
    EXTI1_IRQHandler                         0x080011b3   Thumb Code     0  startup_stm32f10x_md.o(.text)
    EXTI2_IRQHandler                         0x080011b3   Thumb Code     0  startup_stm32f10x_md.o(.text)
    EXTI3_IRQHandler                         0x080011b3   Thumb Code     0  startup_stm32f10x_md.o(.text)
    EXTI4_IRQHandler                         0x080011b3   Thumb Code     0  startup_stm32f10x_md.o(.text)
    EXTI9_5_IRQHandler                       0x080011b3   Thumb Code     0  startup_stm32f10x_md.o(.text)
    FLASH_IRQHandler                         0x080011b3   Thumb Code     0  startup_stm32f10x_md.o(.text)
    I2C1_ER_IRQHandler                       0x080011b3   Thumb Code     0  startup_stm32f10x_md.o(.text)
    I2C1_EV_IRQHandler                       0x080011b3   Thumb Code     0  startup_stm32f10x_md.o(.text)
    I2C2_ER_IRQHandler                       0x080011b3   Thumb Code     0  startup_stm32f10x_md.o(.text)
    I2C2_EV_IRQHandler                       0x080011b3   Thumb Code     0  startup_stm32f10x_md.o(.text)
    PVD_IRQHandler                           0x080011b3   Thumb Code     0  startup_stm32f10x_md.o(.text)
    RCC_IRQHandler                           0x080011b3   Thumb Code     0  startup_stm32f10x_md.o(.text)
    RTCAlarm_IRQHandler                      0x080011b3   Thumb Code     0  startup_stm32f10x_md.o(.text)
    RTC_IRQHandler                           0x080011b3   Thumb Code     0  startup_stm32f10x_md.o(.text)
    SPI1_IRQHandler                          0x080011b3   Thumb Code     0  startup_stm32f10x_md.o(.text)
    SPI2_IRQHandler                          0x080011b3   Thumb Code     0  startup_stm32f10x_md.o(.text)
    TAMPER_IRQHandler                        0x080011b3   Thumb Code     0  startup_stm32f10x_md.o(.text)
    TIM1_BRK_IRQHandler                      0x080011b3   Thumb Code     0  startup_stm32f10x_md.o(.text)
    TIM1_CC_IRQHandler                       0x080011b3   Thumb Code     0  startup_stm32f10x_md.o(.text)
    TIM1_TRG_COM_IRQHandler                  0x080011b3   Thumb Code     0  startup_stm32f10x_md.o(.text)
    TIM1_UP_IRQHandler                       0x080011b3   Thumb Code     0  startup_stm32f10x_md.o(.text)
    TIM2_IRQHandler                          0x080011b3   Thumb Code     0  startup_stm32f10x_md.o(.text)
    TIM4_IRQHandler                          0x080011b3   Thumb Code     0  startup_stm32f10x_md.o(.text)
    USART2_IRQHandler                        0x080011b3   Thumb Code     0  startup_stm32f10x_md.o(.text)
    USBWakeUp_IRQHandler                     0x080011b3   Thumb Code     0  startup_stm32f10x_md.o(.text)
    USB_HP_CAN1_TX_IRQHandler                0x080011b3   Thumb Code     0  startup_stm32f10x_md.o(.text)
    USB_LP_CAN1_RX0_IRQHandler               0x080011b3   Thumb Code     0  startup_stm32f10x_md.o(.text)
    WWDG_IRQHandler                          0x080011b3   Thumb Code     0  startup_stm32f10x_md.o(.text)
    __user_initial_stackheap                 0x080011b5   Thumb Code     0  startup_stm32f10x_md.o(.text)
    NVIC_PriorityGroupConfig                 0x080011d9   Thumb Code    10  misc.o(.text)
    NVIC_Init                                0x080011e3   Thumb Code   100  misc.o(.text)
    NVIC_SetVectorTable                      0x08001247   Thumb Code    14  misc.o(.text)
    NVIC_SystemLPConfig                      0x08001255   Thumb Code    34  misc.o(.text)
    SysTick_CLKSourceConfig                  0x08001277   Thumb Code    40  misc.o(.text)
    GPIO_DeInit                              0x080012b5   Thumb Code   172  stm32f10x_gpio.o(.text)
    GPIO_AFIODeInit                          0x08001361   Thumb Code    20  stm32f10x_gpio.o(.text)
    GPIO_Init                                0x08001375   Thumb Code   278  stm32f10x_gpio.o(.text)
    GPIO_StructInit                          0x0800148b   Thumb Code    16  stm32f10x_gpio.o(.text)
    GPIO_ReadInputDataBit                    0x0800149b   Thumb Code    18  stm32f10x_gpio.o(.text)
    GPIO_ReadInputData                       0x080014ad   Thumb Code     8  stm32f10x_gpio.o(.text)
    GPIO_ReadOutputDataBit                   0x080014b5   Thumb Code    18  stm32f10x_gpio.o(.text)
    GPIO_ReadOutputData                      0x080014c7   Thumb Code     8  stm32f10x_gpio.o(.text)
    GPIO_SetBits                             0x080014cf   Thumb Code     4  stm32f10x_gpio.o(.text)
    GPIO_ResetBits                           0x080014d3   Thumb Code     4  stm32f10x_gpio.o(.text)
    GPIO_WriteBit                            0x080014d7   Thumb Code    10  stm32f10x_gpio.o(.text)
    GPIO_Write                               0x080014e1   Thumb Code     4  stm32f10x_gpio.o(.text)
    GPIO_PinLockConfig                       0x080014e5   Thumb Code    18  stm32f10x_gpio.o(.text)
    GPIO_EventOutputConfig                   0x080014f7   Thumb Code    26  stm32f10x_gpio.o(.text)
    GPIO_EventOutputCmd                      0x08001511   Thumb Code     6  stm32f10x_gpio.o(.text)
    GPIO_PinRemapConfig                      0x08001517   Thumb Code   138  stm32f10x_gpio.o(.text)
    GPIO_EXTILineConfig                      0x080015a1   Thumb Code    66  stm32f10x_gpio.o(.text)
    GPIO_ETH_MediaInterfaceConfig            0x080015e3   Thumb Code     8  stm32f10x_gpio.o(.text)
    RCC_DeInit                               0x08001611   Thumb Code    64  stm32f10x_rcc.o(.text)
    RCC_HSEConfig                            0x08001651   Thumb Code    70  stm32f10x_rcc.o(.text)
    RCC_GetFlagStatus                        0x08001697   Thumb Code    56  stm32f10x_rcc.o(.text)
    RCC_WaitForHSEStartUp                    0x080016cf   Thumb Code    56  stm32f10x_rcc.o(.text)
    RCC_AdjustHSICalibrationValue            0x08001707   Thumb Code    20  stm32f10x_rcc.o(.text)
    RCC_HSICmd                               0x0800171b   Thumb Code     6  stm32f10x_rcc.o(.text)
    RCC_PLLConfig                            0x08001721   Thumb Code    24  stm32f10x_rcc.o(.text)
    RCC_PLLCmd                               0x08001739   Thumb Code     6  stm32f10x_rcc.o(.text)
    RCC_SYSCLKConfig                         0x0800173f   Thumb Code    18  stm32f10x_rcc.o(.text)
    RCC_GetSYSCLKSource                      0x08001751   Thumb Code    10  stm32f10x_rcc.o(.text)
    RCC_HCLKConfig                           0x0800175b   Thumb Code    18  stm32f10x_rcc.o(.text)
    RCC_PCLK1Config                          0x0800176d   Thumb Code    18  stm32f10x_rcc.o(.text)
    RCC_PCLK2Config                          0x0800177f   Thumb Code    20  stm32f10x_rcc.o(.text)
    RCC_ITConfig                             0x08001793   Thumb Code    26  stm32f10x_rcc.o(.text)
    RCC_USBCLKConfig                         0x080017ad   Thumb Code     8  stm32f10x_rcc.o(.text)
    RCC_ADCCLKConfig                         0x080017b5   Thumb Code    18  stm32f10x_rcc.o(.text)
    RCC_LSEConfig                            0x080017c7   Thumb Code    50  stm32f10x_rcc.o(.text)
    RCC_LSICmd                               0x080017f9   Thumb Code     6  stm32f10x_rcc.o(.text)
    RCC_RTCCLKConfig                         0x080017ff   Thumb Code    12  stm32f10x_rcc.o(.text)
    RCC_RTCCLKCmd                            0x0800180b   Thumb Code     8  stm32f10x_rcc.o(.text)
    RCC_GetClocksFreq                        0x08001813   Thumb Code   192  stm32f10x_rcc.o(.text)
    RCC_AHBPeriphClockCmd                    0x080018d3   Thumb Code    26  stm32f10x_rcc.o(.text)
    RCC_APB2PeriphClockCmd                   0x080018ed   Thumb Code    26  stm32f10x_rcc.o(.text)
    RCC_APB1PeriphClockCmd                   0x08001907   Thumb Code    26  stm32f10x_rcc.o(.text)
    RCC_APB2PeriphResetCmd                   0x08001921   Thumb Code    26  stm32f10x_rcc.o(.text)
    RCC_APB1PeriphResetCmd                   0x0800193b   Thumb Code    26  stm32f10x_rcc.o(.text)
    RCC_BackupResetCmd                       0x08001955   Thumb Code     8  stm32f10x_rcc.o(.text)
    RCC_ClockSecuritySystemCmd               0x0800195d   Thumb Code     6  stm32f10x_rcc.o(.text)
    RCC_MCOConfig                            0x08001963   Thumb Code     6  stm32f10x_rcc.o(.text)
    RCC_ClearFlag                            0x08001969   Thumb Code    14  stm32f10x_rcc.o(.text)
    RCC_GetITStatus                          0x08001977   Thumb Code    20  stm32f10x_rcc.o(.text)
    RCC_ClearITPendingBit                    0x0800198b   Thumb Code     6  stm32f10x_rcc.o(.text)
    USART_DeInit                             0x080019b5   Thumb Code   134  stm32f10x_usart.o(.text)
    USART_Init                               0x08001a3b   Thumb Code   210  stm32f10x_usart.o(.text)
    USART_StructInit                         0x08001b0d   Thumb Code    24  stm32f10x_usart.o(.text)
    USART_ClockInit                          0x08001b25   Thumb Code    34  stm32f10x_usart.o(.text)
    USART_ClockStructInit                    0x08001b47   Thumb Code    12  stm32f10x_usart.o(.text)
    USART_Cmd                                0x08001b53   Thumb Code    24  stm32f10x_usart.o(.text)
    USART_ITConfig                           0x08001b6b   Thumb Code    74  stm32f10x_usart.o(.text)
    USART_DMACmd                             0x08001bb5   Thumb Code    18  stm32f10x_usart.o(.text)
    USART_SetAddress                         0x08001bc7   Thumb Code    18  stm32f10x_usart.o(.text)
    USART_WakeUpConfig                       0x08001bd9   Thumb Code    18  stm32f10x_usart.o(.text)
    USART_ReceiverWakeUpCmd                  0x08001beb   Thumb Code    24  stm32f10x_usart.o(.text)
    USART_LINBreakDetectLengthConfig         0x08001c03   Thumb Code    18  stm32f10x_usart.o(.text)
    USART_LINCmd                             0x08001c15   Thumb Code    24  stm32f10x_usart.o(.text)
    USART_SendData                           0x08001c2d   Thumb Code     8  stm32f10x_usart.o(.text)
    USART_ReceiveData                        0x08001c35   Thumb Code    10  stm32f10x_usart.o(.text)
    USART_SendBreak                          0x08001c3f   Thumb Code    10  stm32f10x_usart.o(.text)
    USART_SetGuardTime                       0x08001c49   Thumb Code    16  stm32f10x_usart.o(.text)
    USART_SetPrescaler                       0x08001c59   Thumb Code    16  stm32f10x_usart.o(.text)
    USART_SmartCardCmd                       0x08001c69   Thumb Code    24  stm32f10x_usart.o(.text)
    USART_SmartCardNACKCmd                   0x08001c81   Thumb Code    24  stm32f10x_usart.o(.text)
    USART_HalfDuplexCmd                      0x08001c99   Thumb Code    24  stm32f10x_usart.o(.text)
    USART_OverSampling8Cmd                   0x08001cb1   Thumb Code    22  stm32f10x_usart.o(.text)
    USART_OneBitMethodCmd                    0x08001cc7   Thumb Code    24  stm32f10x_usart.o(.text)
    USART_IrDAConfig                         0x08001cdf   Thumb Code    18  stm32f10x_usart.o(.text)
    USART_IrDACmd                            0x08001cf1   Thumb Code    24  stm32f10x_usart.o(.text)
    USART_GetFlagStatus                      0x08001d09   Thumb Code    26  stm32f10x_usart.o(.text)
    USART_ClearFlag                          0x08001d23   Thumb Code    18  stm32f10x_usart.o(.text)
    USART_GetITStatus                        0x08001d35   Thumb Code    84  stm32f10x_usart.o(.text)
    USART_ClearITPendingBit                  0x08001d89   Thumb Code    52  stm32f10x_usart.o(.text)
    TIM_DeInit                               0x08001dbd   Thumb Code   424  stm32f10x_tim.o(.text)
    TIM_TimeBaseInit                         0x08001f65   Thumb Code   122  stm32f10x_tim.o(.text)
    TIM_OC1Init                              0x08001fdf   Thumb Code   132  stm32f10x_tim.o(.text)
    TIM_OC2Init                              0x08002063   Thumb Code   154  stm32f10x_tim.o(.text)
    TIM_OC3Init                              0x080020fd   Thumb Code   150  stm32f10x_tim.o(.text)
    TIM_OC4Init                              0x08002193   Thumb Code   182  stm32f10x_tim.o(.text)
    TIM_SetIC4Prescaler                      0x08002249   Thumb Code    26  stm32f10x_tim.o(.text)
    TIM_SetIC3Prescaler                      0x080022e5   Thumb Code    18  stm32f10x_tim.o(.text)
    TIM_SetIC2Prescaler                      0x08002371   Thumb Code    26  stm32f10x_tim.o(.text)
    TIM_SetIC1Prescaler                      0x0800240d   Thumb Code    18  stm32f10x_tim.o(.text)
    TIM_ICInit                               0x0800248b   Thumb Code   150  stm32f10x_tim.o(.text)
    TIM_PWMIConfig                           0x08002521   Thumb Code   124  stm32f10x_tim.o(.text)
    TIM_BDTRConfig                           0x0800259d   Thumb Code    32  stm32f10x_tim.o(.text)
    TIM_TimeBaseStructInit                   0x080025bd   Thumb Code    18  stm32f10x_tim.o(.text)
    TIM_OCStructInit                         0x080025cf   Thumb Code    20  stm32f10x_tim.o(.text)
    TIM_ICStructInit                         0x080025e3   Thumb Code    18  stm32f10x_tim.o(.text)
    TIM_BDTRStructInit                       0x080025f5   Thumb Code    40  stm32f10x_tim.o(.text)
    TIM_Cmd                                  0x0800261d   Thumb Code    24  stm32f10x_tim.o(.text)
    TIM_CtrlPWMOutputs                       0x08002635   Thumb Code    30  stm32f10x_tim.o(.text)
    TIM_ITConfig                             0x08002653   Thumb Code    18  stm32f10x_tim.o(.text)
    TIM_GenerateEvent                        0x08002665   Thumb Code     4  stm32f10x_tim.o(.text)
    TIM_DMAConfig                            0x08002669   Thumb Code    10  stm32f10x_tim.o(.text)
    TIM_DMACmd                               0x08002673   Thumb Code    18  stm32f10x_tim.o(.text)
    TIM_InternalClockConfig                  0x08002685   Thumb Code    12  stm32f10x_tim.o(.text)
    TIM_SelectInputTrigger                   0x08002691   Thumb Code    18  stm32f10x_tim.o(.text)
    TIM_ITRxExternalClockConfig              0x080026a3   Thumb Code    24  stm32f10x_tim.o(.text)
    TIM_TIxExternalClockConfig               0x080026bb   Thumb Code    62  stm32f10x_tim.o(.text)
    TIM_ETRConfig                            0x080026f9   Thumb Code    28  stm32f10x_tim.o(.text)
    TIM_ETRClockMode1Config                  0x08002715   Thumb Code    54  stm32f10x_tim.o(.text)
    TIM_ETRClockMode2Config                  0x0800274b   Thumb Code    32  stm32f10x_tim.o(.text)
    TIM_PrescalerConfig                      0x0800276b   Thumb Code     6  stm32f10x_tim.o(.text)
    TIM_CounterModeConfig                    0x08002771   Thumb Code    18  stm32f10x_tim.o(.text)
    TIM_EncoderInterfaceConfig               0x08002783   Thumb Code    66  stm32f10x_tim.o(.text)
    TIM_ForcedOC1Config                      0x080027c5   Thumb Code    18  stm32f10x_tim.o(.text)
    TIM_ForcedOC2Config                      0x080027d7   Thumb Code    26  stm32f10x_tim.o(.text)
    TIM_ForcedOC3Config                      0x080027f1   Thumb Code    18  stm32f10x_tim.o(.text)
    TIM_ForcedOC4Config                      0x08002803   Thumb Code    26  stm32f10x_tim.o(.text)
    TIM_ARRPreloadConfig                     0x0800281d   Thumb Code    24  stm32f10x_tim.o(.text)
    TIM_SelectCOM                            0x08002835   Thumb Code    24  stm32f10x_tim.o(.text)
    TIM_SelectCCDMA                          0x0800284d   Thumb Code    24  stm32f10x_tim.o(.text)
    TIM_CCPreloadControl                     0x08002865   Thumb Code    24  stm32f10x_tim.o(.text)
    TIM_OC1PreloadConfig                     0x0800287d   Thumb Code    18  stm32f10x_tim.o(.text)
    TIM_OC2PreloadConfig                     0x0800288f   Thumb Code    26  stm32f10x_tim.o(.text)
    TIM_OC3PreloadConfig                     0x080028a9   Thumb Code    18  stm32f10x_tim.o(.text)
    TIM_OC4PreloadConfig                     0x080028bb   Thumb Code    26  stm32f10x_tim.o(.text)
    TIM_OC1FastConfig                        0x080028d5   Thumb Code    18  stm32f10x_tim.o(.text)
    TIM_OC2FastConfig                        0x080028e7   Thumb Code    26  stm32f10x_tim.o(.text)
    TIM_OC3FastConfig                        0x08002901   Thumb Code    18  stm32f10x_tim.o(.text)
    TIM_OC4FastConfig                        0x08002913   Thumb Code    26  stm32f10x_tim.o(.text)
    TIM_ClearOC1Ref                          0x0800292d   Thumb Code    18  stm32f10x_tim.o(.text)
    TIM_ClearOC2Ref                          0x0800293f   Thumb Code    24  stm32f10x_tim.o(.text)
    TIM_ClearOC3Ref                          0x08002957   Thumb Code    18  stm32f10x_tim.o(.text)
    TIM_ClearOC4Ref                          0x08002969   Thumb Code    24  stm32f10x_tim.o(.text)
    TIM_OC1PolarityConfig                    0x08002981   Thumb Code    18  stm32f10x_tim.o(.text)
    TIM_OC1NPolarityConfig                   0x08002993   Thumb Code    18  stm32f10x_tim.o(.text)
    TIM_OC2PolarityConfig                    0x080029a5   Thumb Code    26  stm32f10x_tim.o(.text)
    TIM_OC2NPolarityConfig                   0x080029bf   Thumb Code    26  stm32f10x_tim.o(.text)
    TIM_OC3PolarityConfig                    0x080029d9   Thumb Code    26  stm32f10x_tim.o(.text)
    TIM_OC3NPolarityConfig                   0x080029f3   Thumb Code    26  stm32f10x_tim.o(.text)
    TIM_OC4PolarityConfig                    0x08002a0d   Thumb Code    26  stm32f10x_tim.o(.text)
    TIM_CCxCmd                               0x08002a27   Thumb Code    30  stm32f10x_tim.o(.text)
    TIM_CCxNCmd                              0x08002a45   Thumb Code    30  stm32f10x_tim.o(.text)
    TIM_SelectOCxM                           0x08002a63   Thumb Code    82  stm32f10x_tim.o(.text)
    TIM_UpdateDisableConfig                  0x08002ab5   Thumb Code    24  stm32f10x_tim.o(.text)
    TIM_UpdateRequestConfig                  0x08002acd   Thumb Code    24  stm32f10x_tim.o(.text)
    TIM_SelectHallSensor                     0x08002ae5   Thumb Code    24  stm32f10x_tim.o(.text)
    TIM_SelectOnePulseMode                   0x08002afd   Thumb Code    18  stm32f10x_tim.o(.text)
    TIM_SelectOutputTrigger                  0x08002b0f   Thumb Code    18  stm32f10x_tim.o(.text)
    TIM_SelectSlaveMode                      0x08002b21   Thumb Code    18  stm32f10x_tim.o(.text)
    TIM_SelectMasterSlaveMode                0x08002b33   Thumb Code    18  stm32f10x_tim.o(.text)
    TIM_SetCounter                           0x08002b45   Thumb Code     4  stm32f10x_tim.o(.text)
    TIM_SetAutoreload                        0x08002b49   Thumb Code     4  stm32f10x_tim.o(.text)
    TIM_SetCompare1                          0x08002b4d   Thumb Code     4  stm32f10x_tim.o(.text)
    TIM_SetCompare2                          0x08002b51   Thumb Code     4  stm32f10x_tim.o(.text)
    TIM_SetCompare3                          0x08002b55   Thumb Code     4  stm32f10x_tim.o(.text)
    TIM_SetCompare4                          0x08002b59   Thumb Code     6  stm32f10x_tim.o(.text)
    TIM_SetClockDivision                     0x08002b5f   Thumb Code    18  stm32f10x_tim.o(.text)
    TIM_GetCapture1                          0x08002b71   Thumb Code     6  stm32f10x_tim.o(.text)
    TIM_GetCapture2                          0x08002b77   Thumb Code     6  stm32f10x_tim.o(.text)
    TIM_GetCapture3                          0x08002b7d   Thumb Code     6  stm32f10x_tim.o(.text)
    TIM_GetCapture4                          0x08002b83   Thumb Code     8  stm32f10x_tim.o(.text)
    TIM_GetCounter                           0x08002b8b   Thumb Code     6  stm32f10x_tim.o(.text)
    TIM_GetPrescaler                         0x08002b91   Thumb Code     6  stm32f10x_tim.o(.text)
    TIM_GetFlagStatus                        0x08002b97   Thumb Code    18  stm32f10x_tim.o(.text)
    TIM_ClearFlag                            0x08002ba9   Thumb Code     6  stm32f10x_tim.o(.text)
    TIM_GetITStatus                          0x08002baf   Thumb Code    34  stm32f10x_tim.o(.text)
    TIM_ClearITPendingBit                    0x08002bd1   Thumb Code     6  stm32f10x_tim.o(.text)
    __use_no_semihosting                     0x08002bd7   Thumb Code     2  use_no_semi_2.o(.text)
    __2printf                                0x08002bd9   Thumb Code    20  noretval__2printf.o(.text)
    __2sprintf                               0x08002bf1   Thumb Code    34  noretval__2sprintf.o(.text)
    __printf                                 0x08002c19   Thumb Code   104  __printf.o(.text)
    _printf_str                              0x08002c81   Thumb Code    82  _printf_str.o(.text)
    __use_two_region_memory                  0x08002cd3   Thumb Code     2  heapauxi.o(.text)
    __rt_heap_escrow$2region                 0x08002cd5   Thumb Code     2  heapauxi.o(.text)
    __rt_heap_expand$2region                 0x08002cd7   Thumb Code     2  heapauxi.o(.text)
    __I$use$semihosting                      0x08002cd9   Thumb Code     0  use_no_semi.o(.text)
    __use_no_semihosting_swi                 0x08002cd9   Thumb Code     2  use_no_semi.o(.text)
    __lib_sel_fp_printf                      0x08002cdb   Thumb Code     2  _printf_fp_dec.o(.text)
    _printf_fp_dec_real                      0x08002e8d   Thumb Code   620  _printf_fp_dec.o(.text)
    _printf_char_common                      0x08003103   Thumb Code    32  _printf_char_common.o(.text)
    _sputc                                   0x08003129   Thumb Code    10  _sputc.o(.text)
    _printf_cs_common                        0x08003133   Thumb Code    20  _printf_char.o(.text)
    _printf_char                             0x08003147   Thumb Code    16  _printf_char.o(.text)
    _printf_string                           0x08003157   Thumb Code     8  _printf_char.o(.text)
    _printf_char_file                        0x08003161   Thumb Code    32  _printf_char_file.o(.text)
    __rt_locale                              0x08003185   Thumb Code     8  rt_locale_intlibspace.o(.text)
    _ll_udiv10                               0x0800318d   Thumb Code   138  lludiv10.o(.text)
    _printf_fp_infnan                        0x08003219   Thumb Code   112  _printf_fp_infnan.o(.text)
    _btod_etento                             0x08003299   Thumb Code   224  bigflt0.o(.text)
    ferror                                   0x0800337d   Thumb Code     8  ferror.o(.text)
    __user_libspace                          0x08003385   Thumb Code     8  libspace.o(.text)
    __user_perproc_libspace                  0x08003385   Thumb Code     0  libspace.o(.text)
    __user_perthread_libspace                0x08003385   Thumb Code     0  libspace.o(.text)
    __user_setup_stackheap                   0x0800338d   Thumb Code    74  sys_stackheap_outer.o(.text)
    exit                                     0x080033d7   Thumb Code    18  exit.o(.text)
    strcmp                                   0x080033e9   Thumb Code   128  strcmpv7m.o(.text)
    _btod_d2e                                0x08003469   Thumb Code    62  btod.o(CL$$btod_d2e)
    _d2e_denorm_low                          0x080034a7   Thumb Code    70  btod.o(CL$$btod_d2e_denorm_low)
    _d2e_norm_op1                            0x080034ed   Thumb Code    96  btod.o(CL$$btod_d2e_norm_op1)
    __btod_div_common                        0x0800354d   Thumb Code   696  btod.o(CL$$btod_div_common)
    _e2e                                     0x08003885   Thumb Code   220  btod.o(CL$$btod_e2e)
    _btod_ediv                               0x08003961   Thumb Code    42  btod.o(CL$$btod_ediv)
    _btod_emul                               0x0800398b   Thumb Code    42  btod.o(CL$$btod_emul)
    __btod_mult_common                       0x080039b5   Thumb Code   580  btod.o(CL$$btod_mult_common)
    __ARM_fpclassify                         0x08003bf9   Thumb Code    40  fpclassify.o(i.__ARM_fpclassify)
    _get_lc_numeric                          0x08003c21   Thumb Code    44  lc_numeric_c.o(locale$$code)
    __aeabi_d2f                              0x08003c4d   Thumb Code     0  d2f.o(x$fpl$d2f)
    _d2f                                     0x08003c4d   Thumb Code    98  d2f.o(x$fpl$d2f)
    __aeabi_ddiv                             0x08003cb1   Thumb Code     0  ddiv.o(x$fpl$ddiv)
    _ddiv                                    0x08003cb1   Thumb Code   552  ddiv.o(x$fpl$ddiv)
    __aeabi_ui2d                             0x08003f61   Thumb Code     0  dflt_clz.o(x$fpl$dfltu)
    _dfltu                                   0x08003f61   Thumb Code    38  dflt_clz.o(x$fpl$dfltu)
    __fpl_dnaninf                            0x08003f87   Thumb Code   156  dnaninf.o(x$fpl$dnaninf)
    __fpl_dretinf                            0x08004023   Thumb Code    12  dretinf.o(x$fpl$dretinf)
    __aeabi_f2d                              0x08004031   Thumb Code     0  f2d.o(x$fpl$f2d)
    _f2d                                     0x08004031   Thumb Code    86  f2d.o(x$fpl$f2d)
    __aeabi_fadd                             0x08004089   Thumb Code     0  faddsub_clz.o(x$fpl$fadd)
    _fadd                                    0x08004089   Thumb Code   196  faddsub_clz.o(x$fpl$fadd)
    __fpl_fnaninf                            0x0800414d   Thumb Code   140  fnaninf.o(x$fpl$fnaninf)
    __fpl_fretinf                            0x080041d9   Thumb Code    10  fretinf.o(x$fpl$fretinf)
    __aeabi_fsub                             0x080041e5   Thumb Code     0  faddsub_clz.o(x$fpl$fsub)
    _fsub                                    0x080041e5   Thumb Code   234  faddsub_clz.o(x$fpl$fsub)
    _printf_fp_dec                           0x080042cf   Thumb Code     4  printf1.o(x$fpl$printf1)
    F6x8                                     0x080042d2   Data         552  oled.o(.constdata)
    __I$use$fp                               0x080042d2   Number         0  usenofp.o(x$fpl$usenofp)
    F8X16                                    0x080044fa   Data        1520  oled.o(.constdata)
    Region$$Table$$Base                      0x08004b80   Number         0  anon$$obj.o(Region$$Table)
    Region$$Table$$Limit                     0x08004ba0   Number         0  anon$$obj.o(Region$$Table)
    SystemCoreClock                          0x20000000   Data           4  system_stm32f10x.o(.data)
    AHBPrescTable                            0x20000004   Data          16  system_stm32f10x.o(.data)
    Hzk                                      0x20000014   Data         256  oled.o(.data)
    msHcCount                                0x20000114   Data           2  hsr04.o(.data)
    __stdout                                 0x2000011c   Data           4  usart.o(.data)
    USART_RX_STA                             0x20000120   Data           2  usart.o(.data)
    lengthTemp                               0x20000138   Data          20  hsr04.o(.bss)
    USART_RX_BUF                             0x2000014c   Data         200  usart.o(.bss)
    data_string                              0x20000214   Data          45  usart.o(.bss)
    data                                     0x20000244   Data          20  usart.o(.bss)
    __libspace_start                         0x20000258   Data          96  libspace.o(.bss)
    __temporary_stack_top$libspace           0x200002b8   Data           0  libspace.o(.bss)



==============================================================================

Memory Map of the image

  Image Entry point : 0x080000ed

  Load Region LR_IROM1 (Base: 0x08000000, Size: 0x00004cf4, Max: 0x00080000, ABSOLUTE, COMPRESSED[0x00004c4c])

    Execution Region ER_IROM1 (Exec base: 0x08000000, Load base: 0x08000000, Size: 0x00004bbc, Max: 0x00080000, ABSOLUTE)

    Exec Addr    Load Addr    Size         Type   Attr      Idx    E Section Name        Object

    0x08000000   0x08000000   0x000000ec   Data   RO          285    RESET               startup_stm32f10x_md.o
    0x080000ec   0x080000ec   0x00000008   Code   RO          609  * !!!main             c_w.l(__main.o)
    0x080000f4   0x080000f4   0x00000034   Code   RO          859    !!!scatter          c_w.l(__scatter.o)
    0x08000128   0x08000128   0x0000005a   Code   RO          857    !!dczerorl2         c_w.l(__dczerorl2.o)
    0x08000182   0x08000182   0x00000002   PAD
    0x08000184   0x08000184   0x0000001c   Code   RO          861    !!handler_zi        c_w.l(__scatter_zi.o)
    0x080001a0   0x080001a0   0x00000000   Code   RO          606    .ARM.Collect$$_printf_percent$$00000000  c_w.l(_printf_percent.o)
    0x080001a0   0x080001a0   0x00000006   Code   RO          605    .ARM.Collect$$_printf_percent$$00000003  c_w.l(_printf_f.o)
    0x080001a6   0x080001a6   0x00000006   Code   RO          604    .ARM.Collect$$_printf_percent$$00000014  c_w.l(_printf_s.o)
    0x080001ac   0x080001ac   0x00000004   Code   RO          646    .ARM.Collect$$_printf_percent$$00000017  c_w.l(_printf_percent_end.o)
    0x080001b0   0x080001b0   0x00000002   Code   RO          732    .ARM.Collect$$libinit$$00000000  c_w.l(libinit.o)
    0x080001b2   0x080001b2   0x00000000   Code   RO          734    .ARM.Collect$$libinit$$00000002  c_w.l(libinit2.o)
    0x080001b2   0x080001b2   0x00000000   Code   RO          736    .ARM.Collect$$libinit$$00000004  c_w.l(libinit2.o)
    0x080001b2   0x080001b2   0x00000000   Code   RO          739    .ARM.Collect$$libinit$$0000000A  c_w.l(libinit2.o)
    0x080001b2   0x080001b2   0x00000000   Code   RO          741    .ARM.Collect$$libinit$$0000000C  c_w.l(libinit2.o)
    0x080001b2   0x080001b2   0x00000000   Code   RO          743    .ARM.Collect$$libinit$$0000000E  c_w.l(libinit2.o)
    0x080001b2   0x080001b2   0x00000006   Code   RO          744    .ARM.Collect$$libinit$$0000000F  c_w.l(libinit2.o)
    0x080001b8   0x080001b8   0x00000000   Code   RO          746    .ARM.Collect$$libinit$$00000011  c_w.l(libinit2.o)
    0x080001b8   0x080001b8   0x00000000   Code   RO          748    .ARM.Collect$$libinit$$00000013  c_w.l(libinit2.o)
    0x080001b8   0x080001b8   0x00000000   Code   RO          750    .ARM.Collect$$libinit$$00000015  c_w.l(libinit2.o)
    0x080001b8   0x080001b8   0x0000000a   Code   RO          751    .ARM.Collect$$libinit$$00000016  c_w.l(libinit2.o)
    0x080001c2   0x080001c2   0x00000000   Code   RO          752    .ARM.Collect$$libinit$$00000017  c_w.l(libinit2.o)
    0x080001c2   0x080001c2   0x00000000   Code   RO          754    .ARM.Collect$$libinit$$00000019  c_w.l(libinit2.o)
    0x080001c2   0x080001c2   0x00000000   Code   RO          756    .ARM.Collect$$libinit$$0000001B  c_w.l(libinit2.o)
    0x080001c2   0x080001c2   0x00000000   Code   RO          758    .ARM.Collect$$libinit$$0000001D  c_w.l(libinit2.o)
    0x080001c2   0x080001c2   0x00000000   Code   RO          760    .ARM.Collect$$libinit$$0000001F  c_w.l(libinit2.o)
    0x080001c2   0x080001c2   0x00000000   Code   RO          762    .ARM.Collect$$libinit$$00000021  c_w.l(libinit2.o)
    0x080001c2   0x080001c2   0x00000000   Code   RO          764    .ARM.Collect$$libinit$$00000023  c_w.l(libinit2.o)
    0x080001c2   0x080001c2   0x00000000   Code   RO          766    .ARM.Collect$$libinit$$00000025  c_w.l(libinit2.o)
    0x080001c2   0x080001c2   0x00000000   Code   RO          770    .ARM.Collect$$libinit$$0000002C  c_w.l(libinit2.o)
    0x080001c2   0x080001c2   0x00000000   Code   RO          772    .ARM.Collect$$libinit$$0000002E  c_w.l(libinit2.o)
    0x080001c2   0x080001c2   0x00000000   Code   RO          774    .ARM.Collect$$libinit$$00000030  c_w.l(libinit2.o)
    0x080001c2   0x080001c2   0x00000000   Code   RO          776    .ARM.Collect$$libinit$$00000032  c_w.l(libinit2.o)
    0x080001c2   0x080001c2   0x00000002   Code   RO          777    .ARM.Collect$$libinit$$00000033  c_w.l(libinit2.o)
    0x080001c4   0x080001c4   0x00000002   Code   RO          805    .ARM.Collect$$libshutdown$$00000000  c_w.l(libshutdown.o)
    0x080001c6   0x080001c6   0x00000000   Code   RO          814    .ARM.Collect$$libshutdown$$00000002  c_w.l(libshutdown2.o)
    0x080001c6   0x080001c6   0x00000000   Code   RO          816    .ARM.Collect$$libshutdown$$00000004  c_w.l(libshutdown2.o)
    0x080001c6   0x080001c6   0x00000000   Code   RO          818    .ARM.Collect$$libshutdown$$00000006  c_w.l(libshutdown2.o)
    0x080001c6   0x080001c6   0x00000000   Code   RO          821    .ARM.Collect$$libshutdown$$00000009  c_w.l(libshutdown2.o)
    0x080001c6   0x080001c6   0x00000000   Code   RO          824    .ARM.Collect$$libshutdown$$0000000C  c_w.l(libshutdown2.o)
    0x080001c6   0x080001c6   0x00000000   Code   RO          826    .ARM.Collect$$libshutdown$$0000000E  c_w.l(libshutdown2.o)
    0x080001c6   0x080001c6   0x00000000   Code   RO          829    .ARM.Collect$$libshutdown$$00000011  c_w.l(libshutdown2.o)
    0x080001c6   0x080001c6   0x00000002   Code   RO          830    .ARM.Collect$$libshutdown$$00000012  c_w.l(libshutdown2.o)
    0x080001c8   0x080001c8   0x00000000   Code   RO          635    .ARM.Collect$$rtentry$$00000000  c_w.l(__rtentry.o)
    0x080001c8   0x080001c8   0x00000000   Code   RO          657    .ARM.Collect$$rtentry$$00000002  c_w.l(__rtentry2.o)
    0x080001c8   0x080001c8   0x00000006   Code   RO          669    .ARM.Collect$$rtentry$$00000004  c_w.l(__rtentry4.o)
    0x080001ce   0x080001ce   0x00000000   Code   RO          659    .ARM.Collect$$rtentry$$00000009  c_w.l(__rtentry2.o)
    0x080001ce   0x080001ce   0x00000004   Code   RO          660    .ARM.Collect$$rtentry$$0000000A  c_w.l(__rtentry2.o)
    0x080001d2   0x080001d2   0x00000000   Code   RO          662    .ARM.Collect$$rtentry$$0000000C  c_w.l(__rtentry2.o)
    0x080001d2   0x080001d2   0x00000008   Code   RO          663    .ARM.Collect$$rtentry$$0000000D  c_w.l(__rtentry2.o)
    0x080001da   0x080001da   0x00000002   Code   RO          778    .ARM.Collect$$rtexit$$00000000  c_w.l(rtexit.o)
    0x080001dc   0x080001dc   0x00000000   Code   RO          785    .ARM.Collect$$rtexit$$00000002  c_w.l(rtexit2.o)
    0x080001dc   0x080001dc   0x00000004   Code   RO          786    .ARM.Collect$$rtexit$$00000003  c_w.l(rtexit2.o)
    0x080001e0   0x080001e0   0x00000006   Code   RO          787    .ARM.Collect$$rtexit$$00000004  c_w.l(rtexit2.o)
    0x080001e6   0x080001e6   0x00000002   PAD
    0x080001e8   0x080001e8   0x00000228   Code   RO            1    .text               main.o
    0x08000410   0x08000410   0x0000001a   Code   RO          123    .text               stm32f10x_it.o
    0x0800042a   0x0800042a   0x00000002   PAD
    0x0800042c   0x0800042c   0x000001e0   Code   RO          164    .text               system_stm32f10x.o
    0x0800060c   0x0800060c   0x00000544   Code   RO          182    .text               oled.o
    0x08000b50   0x08000b50   0x000001bc   Code   RO          201    .text               hsr04.o
    0x08000d0c   0x08000d0c   0x000000d4   Code   RO          220    .text               delay.o
    0x08000de0   0x08000de0   0x0000000c   Code   RO          234    .text               sys.o
    0x08000dec   0x08000dec   0x000003ac   Code   RO          246    .text               usart.o
    0x08001198   0x08001198   0x00000040   Code   RO          286    .text               startup_stm32f10x_md.o
    0x080011d8   0x080011d8   0x000000dc   Code   RO          290    .text               misc.o
    0x080012b4   0x080012b4   0x0000035c   Code   RO          302    .text               stm32f10x_gpio.o
    0x08001610   0x08001610   0x000003a4   Code   RO          314    .text               stm32f10x_rcc.o
    0x080019b4   0x080019b4   0x00000408   Code   RO          328    .text               stm32f10x_usart.o
    0x08001dbc   0x08001dbc   0x00000e1a   Code   RO          340    .text               stm32f10x_tim.o
    0x08002bd6   0x08002bd6   0x00000002   Code   RO          570    .text               c_w.l(use_no_semi_2.o)
    0x08002bd8   0x08002bd8   0x00000018   Code   RO          576    .text               c_w.l(noretval__2printf.o)
    0x08002bf0   0x08002bf0   0x00000028   Code   RO          578    .text               c_w.l(noretval__2sprintf.o)
    0x08002c18   0x08002c18   0x00000068   Code   RO          580    .text               c_w.l(__printf.o)
    0x08002c80   0x08002c80   0x00000052   Code   RO          582    .text               c_w.l(_printf_str.o)
    0x08002cd2   0x08002cd2   0x00000006   Code   RO          607    .text               c_w.l(heapauxi.o)
    0x08002cd8   0x08002cd8   0x00000002   Code   RO          633    .text               c_w.l(use_no_semi.o)
    0x08002cda   0x08002cda   0x0000041e   Code   RO          636    .text               c_w.l(_printf_fp_dec.o)
    0x080030f8   0x080030f8   0x00000030   Code   RO          638    .text               c_w.l(_printf_char_common.o)
    0x08003128   0x08003128   0x0000000a   Code   RO          640    .text               c_w.l(_sputc.o)
    0x08003132   0x08003132   0x0000002c   Code   RO          642    .text               c_w.l(_printf_char.o)
    0x0800315e   0x0800315e   0x00000002   PAD
    0x08003160   0x08003160   0x00000024   Code   RO          644    .text               c_w.l(_printf_char_file.o)
    0x08003184   0x08003184   0x00000008   Code   RO          674    .text               c_w.l(rt_locale_intlibspace.o)
    0x0800318c   0x0800318c   0x0000008a   Code   RO          676    .text               c_w.l(lludiv10.o)
    0x08003216   0x08003216   0x00000002   PAD
    0x08003218   0x08003218   0x00000080   Code   RO          678    .text               c_w.l(_printf_fp_infnan.o)
    0x08003298   0x08003298   0x000000e4   Code   RO          682    .text               c_w.l(bigflt0.o)
    0x0800337c   0x0800337c   0x00000008   Code   RO          707    .text               c_w.l(ferror.o)
    0x08003384   0x08003384   0x00000008   Code   RO          718    .text               c_w.l(libspace.o)
    0x0800338c   0x0800338c   0x0000004a   Code   RO          721    .text               c_w.l(sys_stackheap_outer.o)
    0x080033d6   0x080033d6   0x00000012   Code   RO          723    .text               c_w.l(exit.o)
    0x080033e8   0x080033e8   0x00000080   Code   RO          725    .text               c_w.l(strcmpv7m.o)
    0x08003468   0x08003468   0x0000003e   Code   RO          685    CL$$btod_d2e        c_w.l(btod.o)
    0x080034a6   0x080034a6   0x00000046   Code   RO          687    CL$$btod_d2e_denorm_low  c_w.l(btod.o)
    0x080034ec   0x080034ec   0x00000060   Code   RO          686    CL$$btod_d2e_norm_op1  c_w.l(btod.o)
    0x0800354c   0x0800354c   0x00000338   Code   RO          695    CL$$btod_div_common  c_w.l(btod.o)
    0x08003884   0x08003884   0x000000dc   Code   RO          692    CL$$btod_e2e        c_w.l(btod.o)
    0x08003960   0x08003960   0x0000002a   Code   RO          689    CL$$btod_ediv       c_w.l(btod.o)
    0x0800398a   0x0800398a   0x0000002a   Code   RO          688    CL$$btod_emul       c_w.l(btod.o)
    0x080039b4   0x080039b4   0x00000244   Code   RO          694    CL$$btod_mult_common  c_w.l(btod.o)
    0x08003bf8   0x08003bf8   0x00000028   Code   RO          716    i.__ARM_fpclassify  m_ws.l(fpclassify.o)
    0x08003c20   0x08003c20   0x0000002c   Code   RO          712    locale$$code        c_w.l(lc_numeric_c.o)
    0x08003c4c   0x08003c4c   0x00000062   Code   RO          611    x$fpl$d2f           fz_ws.l(d2f.o)
    0x08003cae   0x08003cae   0x00000002   PAD
    0x08003cb0   0x08003cb0   0x000002b0   Code   RO          614    x$fpl$ddiv          fz_ws.l(ddiv.o)
    0x08003f60   0x08003f60   0x00000026   Code   RO          617    x$fpl$dfltu         fz_ws.l(dflt_clz.o)
    0x08003f86   0x08003f86   0x0000009c   Code   RO          647    x$fpl$dnaninf       fz_ws.l(dnaninf.o)
    0x08004022   0x08004022   0x0000000c   Code   RO          649    x$fpl$dretinf       fz_ws.l(dretinf.o)
    0x0800402e   0x0800402e   0x00000002   PAD
    0x08004030   0x08004030   0x00000056   Code   RO          623    x$fpl$f2d           fz_ws.l(f2d.o)
    0x08004086   0x08004086   0x00000002   PAD
    0x08004088   0x08004088   0x000000c4   Code   RO          625    x$fpl$fadd          fz_ws.l(faddsub_clz.o)
    0x0800414c   0x0800414c   0x0000008c   Code   RO          651    x$fpl$fnaninf       fz_ws.l(fnaninf.o)
    0x080041d8   0x080041d8   0x0000000a   Code   RO          653    x$fpl$fretinf       fz_ws.l(fretinf.o)
    0x080041e2   0x080041e2   0x00000002   PAD
    0x080041e4   0x080041e4   0x000000ea   Code   RO          627    x$fpl$fsub          fz_ws.l(faddsub_clz.o)
    0x080042ce   0x080042ce   0x00000004   Code   RO          631    x$fpl$printf1       fz_ws.l(printf1.o)
    0x080042d2   0x080042d2   0x00000000   Code   RO          655    x$fpl$usenofp       fz_ws.l(usenofp.o)
    0x080042d2   0x080042d2   0x00000818   Data   RO          183    .constdata          oled.o
    0x08004aea   0x08004aea   0x00000002   PAD
    0x08004aec   0x08004aec   0x00000094   Data   RO          683    .constdata          c_w.l(bigflt0.o)
    0x08004b80   0x08004b80   0x00000020   Data   RO          855    Region$$Table       anon$$obj.o
    0x08004ba0   0x08004ba0   0x0000001c   Data   RO          711    locale$$data        c_w.l(lc_numeric_c.o)


    Execution Region RW_IRAM1 (Exec base: 0x20000000, Load base: 0x08004bbc, Size: 0x000008b8, Max: 0x00010000, ABSOLUTE, COMPRESSED[0x00000090])

    Exec Addr    Load Addr    Size         Type   Attr      Idx    E Section Name        Object

    0x20000000   COMPRESSED   0x00000014   Data   RW          165    .data               system_stm32f10x.o
    0x20000014   COMPRESSED   0x00000100   Data   RW          184    .data               oled.o
    0x20000114   COMPRESSED   0x00000002   Data   RW          203    .data               hsr04.o
    0x20000116   COMPRESSED   0x00000004   Data   RW          221    .data               delay.o
    0x2000011a   COMPRESSED   0x00000002   PAD
    0x2000011c   COMPRESSED   0x00000006   Data   RW          248    .data               usart.o
    0x20000122   COMPRESSED   0x00000014   Data   RW          315    .data               stm32f10x_rcc.o
    0x20000136   COMPRESSED   0x00000002   PAD
    0x20000138        -       0x00000014   Zero   RW          202    .bss                hsr04.o
    0x2000014c        -       0x0000010c   Zero   RW          247    .bss                usart.o
    0x20000258        -       0x00000060   Zero   RW          719    .bss                c_w.l(libspace.o)
    0x200002b8        -       0x00000200   Zero   RW          284    HEAP                startup_stm32f10x_md.o
    0x200004b8        -       0x00000400   Zero   RW          283    STACK               startup_stm32f10x_md.o


==============================================================================

Image component sizes


      Code (inc. data)   RO Data    RW Data    ZI Data      Debug   Object Name

         0          0          0          0          0         32   core_cm3.o
       212         18          0          4          0        983   delay.o
       444         30          0          2         20       2221   hsr04.o
       552         80          0          0          0     253772   main.o
       220         22          0          0          0       1745   misc.o
      1348         42       2072        256          0       4909   oled.o
        64         26        236          0       1536        776   startup_stm32f10x_md.o
       860         38          0          0          0       5681   stm32f10x_gpio.o
        26          0          0          0          0       1154   stm32f10x_it.o
       932         36          0         20          0       8836   stm32f10x_rcc.o
      3610         88          0          0          0      22788   stm32f10x_tim.o
      1032         22          0          0          0       8404   stm32f10x_usart.o
        12          0          0          0          0        425   sys.o
       480         38          0         20          0       1659   system_stm32f10x.o
       940         38          0          6        268       4678   usart.o

    ----------------------------------------------------------------------
     10734        478       2342        312       1824     318063   Object Totals
         0          0         32          0          0          0   (incl. Generated)
         2          0          2          4          0          0   (incl. Padding)

    ----------------------------------------------------------------------

      Code (inc. data)   RO Data    RW Data    ZI Data      Debug   Library Member Name

        90          0          0          0          0          0   __dczerorl2.o
         8          0          0          0          0         68   __main.o
       104          0          0          0          0         84   __printf.o
         0          0          0          0          0          0   __rtentry.o
        12          0          0          0          0          0   __rtentry2.o
         6          0          0          0          0          0   __rtentry4.o
        52          8          0          0          0          0   __scatter.o
        28          0          0          0          0          0   __scatter_zi.o
        44          0          0          0          0        108   _printf_char.o
        48          6          0          0          0         96   _printf_char_common.o
        36          4          0          0          0         80   _printf_char_file.o
         6          0          0          0          0          0   _printf_f.o
      1054          0          0          0          0        216   _printf_fp_dec.o
       128         16          0          0          0         84   _printf_fp_infnan.o
         0          0          0          0          0          0   _printf_percent.o
         4          0          0          0          0          0   _printf_percent_end.o
         6          0          0          0          0          0   _printf_s.o
        82          0          0          0          0         80   _printf_str.o
        10          0          0          0          0         68   _sputc.o
       228          4        148          0          0         96   bigflt0.o
      1936        128          0          0          0        672   btod.o
        18          0          0          0          0         80   exit.o
         8          0          0          0          0         68   ferror.o
         6          0          0          0          0        152   heapauxi.o
        44         10         28          0          0         76   lc_numeric_c.o
         2          0          0          0          0          0   libinit.o
        18          0          0          0          0          0   libinit2.o
         2          0          0          0          0          0   libshutdown.o
         2          0          0          0          0          0   libshutdown2.o
         8          4          0          0         96         68   libspace.o
       138          0          0          0          0         80   lludiv10.o
        24          4          0          0          0         84   noretval__2printf.o
        40          6          0          0          0         84   noretval__2sprintf.o
         8          4          0          0          0         68   rt_locale_intlibspace.o
         2          0          0          0          0          0   rtexit.o
        10          0          0          0          0          0   rtexit2.o
       128          0          0          0          0         68   strcmpv7m.o
        74          0          0          0          0         80   sys_stackheap_outer.o
         2          0          0          0          0         68   use_no_semi.o
         2          0          0          0          0         68   use_no_semi_2.o
        98          4          0          0          0         92   d2f.o
       688        140          0          0          0        208   ddiv.o
        38          0          0          0          0         68   dflt_clz.o
       156          4          0          0          0         92   dnaninf.o
        12          0          0          0          0         68   dretinf.o
        86          4          0          0          0         84   f2d.o
       430          8          0          0          0        168   faddsub_clz.o
       140          4          0          0          0         84   fnaninf.o
        10          0          0          0          0         68   fretinf.o
         4          0          0          0          0         68   printf1.o
         0          0          0          0          0          0   usenofp.o
        40          0          0          0          0         68   fpclassify.o

    ----------------------------------------------------------------------
      6136        358        176          0         96       3764   Library Totals
        16          0          0          0          0          0   (incl. Padding)

    ----------------------------------------------------------------------

      Code (inc. data)   RO Data    RW Data    ZI Data      Debug   Library Name

      4418        194        176          0         96       2696   c_w.l
      1662        164          0          0          0       1000   fz_ws.l
        40          0          0          0          0         68   m_ws.l

    ----------------------------------------------------------------------
      6136        358        176          0         96       3764   Library Totals

    ----------------------------------------------------------------------

==============================================================================


      Code (inc. data)   RO Data    RW Data    ZI Data      Debug   

     16870        836       2518        312       1920     318755   Grand Totals
     16870        836       2518        144       1920     318755   ELF Image Totals (compressed)
     16870        836       2518        144          0          0   ROM Totals

==============================================================================

    Total RO  Size (Code + RO Data)                19388 (  18.93kB)
    Total RW  Size (RW Data + ZI Data)              2232 (   2.18kB)
    Total ROM Size (Code + RO Data + RW Data)      19532 (  19.07kB)

==============================================================================

