<html>
<body>
<pre>
<h1>µVision Build Log</h1>
<h2>Tool Versions:</h2>
IDE-Version: ¦ÌVision V5.34.0.0
Copyright (C) 2021 ARM Ltd and ARM Germany GmbH. All rights reserved.
License Information: novices novices, novices, LIC=RC93N-YAJZU-X7LRZ-JDSI5-K5DI8-12TFE
 
Tool Versions:
Toolchain:       MDK-ARM Plus  Version: 5.34.0.0
Toolchain Path:  D:\Keil\ARM\ARMCC\Bin
C Compiler:      Armcc.exe V5.06 update 7 (build 960)
Assembler:       Armasm.exe V5.06 update 7 (build 960)
Linker/Locator:  ArmLink.exe V5.06 update 7 (build 960)
Library Manager: ArmAr.exe V5.06 update 7 (build 960)
Hex Converter:   FromElf.exe V5.06 update 7 (build 960)
CPU DLL:         SARMCM3.DLL V5.34.0.0
Dialog DLL:      DCM.DLL V1.17.3.0
Target DLL:      STLink\ST-LINKIII-KEIL_SWO.dll V3.0.8.0
Dialog DLL:      TCM.DLL V1.48.0.0
 
<h2>Project:</h2>
E:\Novices\Desktop\32projects3\USER\OLED.uvprojx
Project File Date:  07/22/2023

<h2>Output:</h2>
*** Using Compiler 'V5.06 update 7 (build 960)', folder: 'D:\Keil\ARM\ARMCC\Bin'
Rebuild target 'Target 1'
assembling startup_stm32f10x_md.s...
compiling stm32f10x_it.c...
compiling system_stm32f10x.c...
compiling hsr04.c...
..\USER\hcsr04.h(5): warning:  #1295-D: Deprecated declaration Hcsr04Init - give arg types
  void Hcsr04Init();
..\USER\hcsr04.h(6): warning:  #1295-D: Deprecated declaration OpenTimerForHc - give arg types
  static void OpenTimerForHc();
..\USER\hcsr04.h(7): warning:  #1295-D: Deprecated declaration CloseTimerForHc - give arg types
  static void CloseTimerForHc();
..\USER\hcsr04.h(8): warning:  #1295-D: Deprecated declaration hcsr04_NVIC - give arg types
  void hcsr04_NVIC();
..\USER\hcsr04.h(12): warning:  #1-D: last line of file ends without a newline
  #endif  
..\HARDWARE\HSR04\hsr04.c(110): warning:  #177-D: variable "sum"  was declared but never referenced
  		float sum = 0;
..\HARDWARE\HSR04\hsr04.c: 6 warnings, 0 errors
compiling main.c...
..\HARDWARE\OLED\oled.h(53): warning:  #1-D: last line of file ends without a newline
  #endif  
main.c(56): warning:  #223-D: function "uart1_init" declared implicitly
  		uart1_init(19200);
main.c(57): warning:  #223-D: function "uart3_init" declared implicitly
      uart3_init(19200);
main.c(60): warning:  #223-D: function "Hcsr04Init" declared implicitly
      Hcsr04Init();		
main.c(69): warning:  #223-D: function "Hcsr04GetLength" declared implicitly
  		Hcsr04GetLength();
main.c(73): warning:  #223-D: function "sprintf" declared implicitly
  		sprintf(distance,"%f",length);
main.c(74): warning:  #223-D: function "printf" declared implicitly
      printf("%s\r\n",distance);
main.c(80): warning:  #223-D: function "get_message_from_openmv" declared implicitly
      get_message_from_openmv();
main.c(66): warning:  #177-D: variable "j"  was declared but never referenced
  		int i=0,j=0;
main.c(122): warning:  #111-D: statement is unreachable
  	LD_off();
main.c(124): warning:  #1-D: last line of file ends without a newline
  	
main.c: 11 warnings, 0 errors
compiling oled.c...
..\HARDWARE\OLED\oled.h(53): warning:  #1-D: last line of file ends without a newline
  #endif  
..\HARDWARE\OLED\oledfont.h(213): warning:  #1-D: last line of file ends without a newline
  #endif
..\HARDWARE\OLED\oled.c(288): warning:  #1-D: last line of file ends without a newline
  }  
..\HARDWARE\OLED\oled.c: 3 warnings, 0 errors
compiling delay.c...
compiling sys.c...
compiling misc.c...
compiling usart.c...
compiling stm32f10x_gpio.c...
compiling core_cm3.c...
compiling stm32f10x_usart.c...
compiling stm32f10x_rcc.c...
compiling stm32f10x_i2c.c...
compiling stm32f10x_iwdg.c...
compiling stm32f10x_rtc.c...
compiling stm32f10x_bkp.c...
compiling stm32f10x_pwr.c...
compiling stm32f10x_adc.c...
compiling stm32f10x_sdio.c...
compiling stm32f10x_tim.c...
compiling stm32f10x_can.c...
compiling stm32f10x_cec.c...
compiling stm32f10x_crc.c...
compiling stm32f10x_dbgmcu.c...
compiling stm32f10x_dac.c...
compiling stm32f10x_exti.c...
compiling stm32f10x_dma.c...
compiling stm32f10x_wwdg.c...
compiling stm32f10x_spi.c...
compiling stm32f10x_flash.c...
compiling stm32f10x_fsmc.c...
linking...
Program Size: Code=16870 RO-data=2518 RW-data=312 ZI-data=1920  
FromELF: creating hex file...
"..\OBJ\OLED.axf" - 0 Error(s), 20 Warning(s).

<h2>Software Packages used:</h2>

Package Vendor: ARM
                http://www.keil.com/pack/ARM.CMSIS.5.7.0.pack
                ARM.CMSIS.5.7.0
                CMSIS (Cortex Microcontroller Software Interface Standard)
   * Component: CORE Version: 5.4.0

Package Vendor: Keil
                https://www.keil.com/pack/Keil.STM32F1xx_DFP.2.4.1.pack
                Keil.STM32F1xx_DFP.2.4.1
                STMicroelectronics STM32F1 Series Device Support, Drivers and Examples

<h2>Collection of Component include folders:</h2>
  .\RTE\_Target_1
  D:\Keil\Packs\ARM\CMSIS\5.7.0\CMSIS\Core\Include
  D:\Keil\Packs\Keil\STM32F1xx_DFP\2.4.1\Device\Include

<h2>Collection of Component Files used:</h2>

   * Component: ARM::CMSIS:CORE:5.4.0
Build Time Elapsed:  00:00:02
</pre>
</body>
</html>
